Archive member included to satisfy reference by file (symbol)

C:/Users/alex2/OneDrive/Documentos/Universidad2ºSemestre/Consolas/MisEjemplos/ProyectoFinalNDS/angelCore/nflib/lib\libnflib.a(nf_2d.o)
                              angelCore.o (NF_Set2D)
C:/Users/alex2/OneDrive/Documentos/Universidad2ºSemestre/Consolas/MisEjemplos/ProyectoFinalNDS/angelCore/nflib/lib\libnflib.a(nf_basic.o)
                              C:/Users/alex2/OneDrive/Documentos/Universidad2ºSemestre/Consolas/MisEjemplos/ProyectoFinalNDS/angelCore/nflib/lib\libnflib.a(nf_2d.o) (NF_Error)
C:/Users/alex2/OneDrive/Documentos/Universidad2ºSemestre/Consolas/MisEjemplos/ProyectoFinalNDS/angelCore/nflib/lib\libnflib.a(nf_sound.o)
                              angelCore.o (NF_InitRawSoundBuffers)
C:/Users/alex2/OneDrive/Documentos/Universidad2ºSemestre/Consolas/MisEjemplos/ProyectoFinalNDS/angelCore/nflib/lib\libnflib.a(nf_sprite256.o)
                              angelCore.o (NF_InitSpriteBuffers)
C:/Users/alex2/OneDrive/Documentos/Universidad2ºSemestre/Consolas/MisEjemplos/ProyectoFinalNDS/angelCore/nflib/lib\libnflib.a(nf_text.o)
                              angelCore.o (NF_InitTextSys)
C:/Users/alex2/OneDrive/Documentos/Universidad2ºSemestre/Consolas/MisEjemplos/ProyectoFinalNDS/angelCore/nflib/lib\libnflib.a(nf_text16.o)
                              angelCore.o (NF_LoadTextFont16)
C:/Users/alex2/OneDrive/Documentos/Universidad2ºSemestre/Consolas/MisEjemplos/ProyectoFinalNDS/angelCore/nflib/lib\libnflib.a(nf_tiledbg.o)
                              angelCore.o (NF_InitTiledBgBuffers)
C:/devkitPro/libnds/lib\libfilesystem.a(nitrofs.o)
                              C:/Users/alex2/OneDrive/Documentos/Universidad2ºSemestre/Consolas/MisEjemplos/ProyectoFinalNDS/angelCore/nflib/lib\libnflib.a(nf_basic.o) (nitroFSInit)
C:/devkitPro/libnds/lib\libfat.a(libfat.o)
                              C:/Users/alex2/OneDrive/Documentos/Universidad2ºSemestre/Consolas/MisEjemplos/ProyectoFinalNDS/angelCore/nflib/lib\libnflib.a(nf_basic.o) (fatInitDefault)
C:/devkitPro/libnds/lib\libfat.a(disc.o)
                              C:/devkitPro/libnds/lib\libfat.a(libfat.o) (_FAT_disc_interfaces)
C:/devkitPro/libnds/lib\libfat.a(fatfile.o)
                              C:/devkitPro/libnds/lib\libfat.a(libfat.o) (_FAT_open_r)
C:/devkitPro/libnds/lib\libfat.a(cache.o)
                              C:/devkitPro/libnds/lib\libfat.a(fatfile.o) (_FAT_cache_readSectors)
C:/devkitPro/libnds/lib\libfat.a(fatdir.o)
                              C:/devkitPro/libnds/lib\libfat.a(libfat.o) (_FAT_stat_r)
C:/devkitPro/libnds/lib\libfat.a(directory.o)
                              C:/devkitPro/libnds/lib\libfat.a(fatfile.o) (_FAT_directory_entryGetCluster)
C:/devkitPro/libnds/lib\libfat.a(partition.o)
                              C:/devkitPro/libnds/lib\libfat.a(libfat.o) (_FAT_partition_destructor)
C:/devkitPro/libnds/lib\libfat.a(lock.o)
                              C:/devkitPro/libnds/lib\libfat.a(partition.o) (_FAT_lock_init)
C:/devkitPro/libnds/lib\libfat.a(filetime.o)
                              C:/devkitPro/libnds/lib\libfat.a(fatfile.o) (_FAT_filetime_getTimeFromRTC)
C:/devkitPro/libnds/lib\libfat.a(file_allocation_table.o)
                              C:/devkitPro/libnds/lib\libfat.a(fatfile.o) (_FAT_fat_nextCluster)
C:/devkitPro/libnds/lib\libmm9.a(mm_comms.o)
                              angelCore.o (mmLockChannels)
C:/devkitPro/libnds/lib\libmm9.a(mm_memory.o)
                              angelCore.o (mmLoad)
C:/devkitPro/libnds/lib\libmm9.a(mm_main9.o)
                              C:/devkitPro/libnds/lib\libmm9.a(mm_memory.o) (mmcbMemory)
C:/devkitPro/libnds/lib\libmm9.a(mm_soundbank.o)
                              C:/devkitPro/libnds/lib\libmm9.a(mm_main9.o) (mmSoundBankInMemory)
C:/devkitPro/libnds/lib\libmm9.a(mm_flusher.o)
                              C:/devkitPro/libnds/lib\libmm9.a(mm_memory.o) (mmFlushBank)
C:/devkitPro/libnds/lib\libnds9.a(video.o)
                              C:/Users/alex2/OneDrive/Documentos/Universidad2ºSemestre/Consolas/MisEjemplos/ProyectoFinalNDS/angelCore/nflib/lib\libnflib.a(nf_basic.o) (setBrightness)
C:/devkitPro/libnds/lib\libnds9.a(touch.o)
                              angelCore.o (touchRead)
C:/devkitPro/libnds/lib\libnds9.a(console.o)
                              C:/Users/alex2/OneDrive/Documentos/Universidad2ºSemestre/Consolas/MisEjemplos/ProyectoFinalNDS/angelCore/nflib/lib\libnflib.a(nf_basic.o) (consoleDemoInit)
C:/devkitPro/libnds/lib\libnds9.a(sound.o)
                              angelCore.o (soundEnable)
C:/devkitPro/libnds/lib\libnds9.a(sprite.o)
                              C:/Users/alex2/OneDrive/Documentos/Universidad2ºSemestre/Consolas/MisEjemplos/ProyectoFinalNDS/angelCore/nflib/lib\libnflib.a(nf_sprite256.o) (oamInit)
C:/devkitPro/libnds/lib\libnds9.a(keys.o)
                              angelCore.o (scanKeys)
C:/devkitPro/libnds/lib\libnds9.a(dldi.o)
[...]
Memory Configuration

Name             Origin             Length             Attributes
ewram            0x0000000002000000 0x0000000000380000
dtcm             0x0000000002ff0000 0x0000000000004000
vectors          0x0000000001000000 0x0000000000000100
itcm             0x0000000001000100 0x0000000000007f00
*default*        0x0000000000000000 0xffffffffffffffff

Linker script and memory map

                0x0000000002380000                __ewram_end = (ORIGIN (ewram) + LENGTH (ewram))
                0x0000000002380000                __eheap_end = (ORIGIN (ewram) + LENGTH (ewram))
                0x0000000002ff4000                __dtcm_top = (ORIGIN (dtcm) + LENGTH (dtcm))
                0x0000000002ff3ff8                __irq_flags = (__dtcm_top - 0x8)
                0x0000000002ff3ffc                __irq_vector = (__dtcm_top - 0x4)
                0x0000000002ff3f00                __sp_svc = (__dtcm_top - 0x100)
                0x0000000002ff3e00                __sp_irq = (__sp_svc - 0x100)
                0x0000000002ff3d00                __sp_usr = (__sp_irq - 0x100)

.secure         0x0000000002000000      0x800
 *(.secure)
 .secure        0x0000000002000000      0x800 C:/devkitPro/libnds/lib\libnds9.a(securearea.o)
                0x0000000002000000                __secure_area__

.crt0           0x0000000002000800      0x300
                0x0000000002000800                __text_start = .
 *(.crt0)
 .crt0          0x0000000002000800      0x300 c:/devkitpro/devkitarm/bin/../lib/gcc/arm-none-eabi/12.1.0/../../../../arm-none-eabi/lib/thumb/ds_arm9_crt0.o
                0x0000000002000800                _start
                0x0000000002000b00                . = ALIGN (0x4)

.plt
 *(.plt)

.init           0x0000000002000b00        0xc
 *(SORT_NONE(.init))
 .init          0x0000000002000b00        0x4 c:/devkitpro/devkitarm/bin/../lib/gcc/arm-none-eabi/12.1.0/thumb/crti.o
                0x0000000002000b00                _init
 .init          0x0000000002000b04        0x8 c:/devkitpro/devkitarm/bin/../lib/gcc/arm-none-eabi/12.1.0/thumb/crtn.o

.text           0x0000000002000b40    0x21f40
 *(EXCLUDE_FILE(*.twl* *.vectors* *.itcm*) .text)
 .text          0x0000000002000b40     0x275c angelCore.o
                0x0000000002000b40                QuickAnimation
                0x0000000002000b54                ExtraControl
                0x0000000002000b68                Animation
                0x0000000002000dec                ExtraAnimation
                0x0000000002000e50                playerControl
                0x000000000200110c                playerAnimation
                0x00000000020011ec                pantallaInicio
                0x000000000200158c                basicControl
                0x000000000200161c                ConfigurarInterrupciones
                0x00000000020016b4                waitingPlayer
                0x0000000002001f38                enemyTurn
                0x00000000020023e0                touchMenu
                0x0000000002002694                zonas
                0x0000000002002914                combatSetUp
                0x0000000002002ad4                descargarCombate
                0x0000000002002b18                mostrarMensaje
                0x0000000002002c64                colision
                0x0000000002003278                readingMessege
 .text          0x000000000200329c      0x808 C:/Users/alex2/OneDrive/Documentos/Universidad2ºSemestre/Consolas/MisEjemplos/ProyectoFinalNDS/angelCore/nflib/lib\libnflib.a(nf_2d.o)
                0x000000000200329c                NF_Set2D
                0x0000000002003300                NF_ShowBg
                0x0000000002003374                NF_HideBg
                0x0000000002003410                NF_ScrollBg
                0x0000000002003754                NF_MoveSprite
                0x0000000002003774                NF_SpriteLayer
                0x0000000002003790                NF_ShowSprite
                0x00000000020037b0                NF_HflipSprite
                0x00000000020037cc                NF_GetSpriteHflip
                0x00000000020037e8                NF_VflipSprite
                0x0000000002003804                NF_GetSpriteVflip
                0x0000000002003820                NF_SpriteFrame
                0x00000000020038ec                NF_EnableSpriteRotScale
                0x000000000200398c                NF_DisableSpriteRotScale
                0x0000000002003a00                NF_SpriteRotScale
 .text          0x0000000002003aa4      0x498 C:/Users/alex2/OneDrive/Documentos/Universidad2ºSemestre/Consolas/MisEjemplos/ProyectoFinalNDS/angelCore/nflib/lib\libnflib.a(nf_basic.o)
                0x0000000002003aa4                NF_Error
                0x0000000002003d50                NF_SetRootFolder
                0x0000000002003ea8                NF_DmaMemCopy
                0x0000000002003f2c                NF_GetLanguage
 .text          0x0000000002003f3c      0x2b0 C:/Users/alex2/OneDrive/Documentos/Universidad2ºSemestre/Consolas/MisEjemplos/ProyectoFinalNDS/angelCore/nflib/lib\libnflib.a(nf_sound.o)
                0x0000000002003f3c                NF_InitRawSoundBuffers
                0x0000000002003f70                NF_ResetRawSoundBuffers
                0x0000000002003fb4                NF_LoadRawSound
                0x00000000020040e8                NF_UnloadRawSound
                0x0000000002004158                NF_PlayRawSound
 .text          0x00000000020041ec     0x1354 C:/Users/alex2/OneDrive/Documentos/Universidad2ºSemestre/Consolas/MisEjemplos/ProyectoFinalNDS/angelCore/nflib/lib\libnflib.a(nf_sprite256.o)
                0x00000000020041ec                NF_InitSpriteBuffers
                0x0000000002004248                NF_ResetSpriteBuffers
                0x000000000200427c                NF_InitSpriteSys
                0x000000000200447c                NF_LoadSpriteGfx
                0x00000000020045a4                NF_UnloadSpriteGfx
                0x0000000002004620                NF_LoadSpritePal
                0x0000000002004714                NF_UnloadSpritePal
                0x0000000002004770                NF_VramSpriteGfx
                0x0000000002004a94                NF_VramSpriteGfxDefrag
                0x0000000002004cb4                NF_FreeSpriteGfx
                0x0000000002004da4                NF_VramSpritePal
                0x0000000002004e88                NF_CreateSprite
                0x00000000020051cc                NF_DeleteSprite
                0x0000000002005264                NF_SpriteOamSet
                0x0000000002005328                NF_SpriteSetPalColor
                0x00000000020053c0                NF_SpriteEditPalColor
                0x000000000200543c                NF_SpriteUpdatePalette
                0x00000000020054d0                NF_SpriteGetPalColor
 .text          0x0000000002005540      0x848 C:/Users/alex2/OneDrive/Documentos/Universidad2ºSemestre/Consolas/MisEjemplos/ProyectoFinalNDS/angelCore/nflib/lib\libnflib.a(nf_text.o)
                0x0000000002005540                NF_InitTextSys
                0x0000000002005578                NF_LoadTextFont
                0x00000000020057dc                NF_UnloadTextFont
                0x00000000020057e4                NF_CreateTextLayer
                0x0000000002005870                NF_DeleteTextLayer
                0x00000000020058c8                NF_WriteText
                0x0000000002005c0c                NF_UpdateTextLayers
                0x0000000002005c60                NF_ClearTextLayer
                0x0000000002005cc8                NF_DefineTextColor
                0x0000000002005d6c                NF_SetTextColor
 .text          0x0000000002005d88      0x798 C:/Users/alex2/OneDrive/Documentos/Universidad2ºSemestre/Consolas/MisEjemplos/ProyectoFinalNDS/angelCore/nflib/lib\libnflib.a(nf_text16.o)
                0x0000000002005d88                NF_LoadTextFont16
                0x0000000002005ff8                NF_CreateTextLayer16
                0x00000000020060e4                NF_WriteText16
                0x0000000002006488                NF_ClearTextLayer16
 .text          0x0000000002006520     0x1994 C:/Users/alex2/OneDrive/Documentos/Universidad2ºSemestre/Consolas/MisEjemplos/ProyectoFinalNDS/angelCore/nflib/lib\libnflib.a(nf_tiledbg.o)
                0x0000000002006520                NF_InitTiledBgBuffers
                0x00000000020065b4                NF_ResetTiledBgBuffers
                0x0000000002006610                NF_InitTiledBgSys
                0x0000000002006730                NF_LoadTiledBg
                0x00000000020069c0                NF_LoadTilesForBg
                0x0000000002006c48                NF_UnloadTiledBg
                0x0000000002006d08                NF_DeleteTiledBg
                0x0000000002006ebc                NF_CreateTiledBg
                0x00000000020074ac                NF_GetTileMapAddress
                0x0000000002007560                NF_GetTileOfMap
                0x0000000002007598                NF_SetTileOfMap
                0x00000000020075dc                NF_UpdateVramMap
                0x00000000020076f4                NF_BgSetPalColor
                0x00000000020077a0                NF_BgEditPalColor
                0x0000000002007844                NF_BgUpdatePalette
                0x0000000002007904                NF_BgGetPalColor
                0x000000000200799c                NF_GetTilePal
                0x00000000020079d0                NF_SetTilePal
                0x0000000002007a14                NF_LoadExBgPal
                0x0000000002007afc                NF_UnloadExBgPal
                0x0000000002007b4c                NF_VramExBgPal
                0x0000000002007bf4                NF_SetExBgPal
                0x0000000002007cdc                NF_SetTileHflip
                0x0000000002007d14                NF_SetTileVflip
                0x0000000002007d4c                NF_RotateTileGfx
 .text          0x0000000002007eb4      0x24c C:/devkitPro/libnds/lib\libmm9.a(mm_comms.o)
                0x0000000002007eb4                mmSetupComms
                0x0000000002007f06                mmSendBank
                0x0000000002007f10                mmLockChannels
                0x0000000002007f16                mmUnlockChannels
                0x0000000002007f1c                mmStart
                0x0000000002007f26                mmPause
                0x0000000002007f2a                mmResume
                0x0000000002007f2e                mmStop
                0x0000000002007f32                mmPosition
                0x0000000002007f36                mmJingle
                0x0000000002007f3a                mmSetModuleVolume
                0x0000000002007f3e                mmSetJingleVolume
                0x0000000002007f42                mmSetModuleTempo
                0x0000000002007f46                mmSetModulePitch
                0x0000000002007f4a                mmSetEffectsVolume
                0x0000000002007f4e                mmSelectMode
                0x0000000002007f52                mmStreamBegin
                0x0000000002007f66                mmStreamEnd
                0x0000000002007fbc                mmEffect
                0x0000000002007fe0                mmEffectVolume
                0x0000000002007fe4                mmEffectPanning
                0x0000000002007fe8                mmEffectRate
                0x0000000002007ff2                mmEffectScaleRate
                0x0000000002007ffc                mmEffectRelease
                0x0000000002008002                mmEffectCancel
                0x0000000002008008                mmEffectEx
                0x0000000002008046                mmEffectCancelAll
                0x000000000200804a                mmReverbEnable
                0x000000000200804e                mmReverbDisable
                0x0000000002008052                mmReverbConfigure
                0x00000000020080ae                mmReverbStart
                0x00000000020080b2                mmReverbStop
 .text          0x0000000002008100      0x120 C:/devkitPro/libnds/lib\libmm9.a(mm_memory.o)
                0x0000000002008100                mmLoad
                0x0000000002008150                mmUnload
                0x00000000020081a8                mmLoadEffect
                0x00000000020081e0                mmUnloadEffect
 .text          0x0000000002008220      0x108 C:/devkitPro/libnds/lib\libmm9.a(mm_main9.o)
                0x0000000002008220                mmActive
                0x0000000002008226                mmSetEventHandler
                0x000000000200822c                mmInit
                0x0000000002008256                mmInitDefault
                0x00000000020082a0                mmInitDefaultMem
                0x00000000020082c2                mmSuspendIRQ_t
                0x00000000020082e0                mmRestoreIRQ_t
 .text          0x0000000002008328      0x100 C:/devkitPro/libnds/lib\libmm9.a(mm_soundbank.o)
                0x0000000002008328                mmSoundBankInMemory
                0x0000000002008330                mmSoundBankInFiles
                0x0000000002008342                mmSetCustomSoundBankHandler
                0x000000000200836e                mmsHandleFileOp
 .text          0x0000000002008428       0x3c C:/devkitPro/libnds/lib\libmm9.a(mm_flusher.o)
                0x0000000002008428                mmFlushBank
 *fill*         0x0000000002008464       0x1c ff
 .text          0x0000000002008480     0x4000 C:/devkitPro/libnds/lib\libnds9.a(dldi_stub.o)
                0x0000000002008480                _io_dldi_stub
 .text          0x000000000200c480      0x11c c:/devkitpro/devkitarm/bin/../lib/gcc/arm-none-eabi/12.1.0/thumb\libgcc.a(_udivsi3.o)
                0x000000000200c480                __aeabi_uidiv
                0x000000000200c480                __udivsi3
                0x000000000200c57c                __aeabi_uidivmod
 .text          0x000000000200c59c      0x150 c:/devkitpro/devkitarm/bin/../lib/gcc/arm-none-eabi/12.1.0/thumb\libgcc.a(_divsi3.o)
                0x000000000200c59c                __divsi3
                0x000000000200c59c                __aeabi_idiv
                0x000000000200c6cc                __aeabi_idivmod
 .text          0x000000000200c6ec        0x4 c:/devkitpro/devkitarm/bin/../lib/gcc/arm-none-eabi/12.1.0/thumb\libgcc.a(_dvmd_tls.o)
                0x000000000200c6ec                __aeabi_idiv0
                0x000000000200c6ec                __aeabi_ldiv0
 .text          0x000000000200c6f0      0x2ac c:/devkitpro/devkitarm/bin/../lib/gcc/arm-none-eabi/12.1.0/thumb\libgcc.a(_arm_addsubsf3.o)
                0x000000000200c6f0                __aeabi_frsub
                0x000000000200c6f8                __subsf3
                0x000000000200c6f8                __aeabi_fsub
                0x000000000200c6fc                __aeabi_fadd
                0x000000000200c6fc                __addsf3
                0x000000000200c8b8                __aeabi_ui2f
                0x000000000200c8b8                __floatunsisf
                0x000000000200c8c0                __aeabi_i2f
                0x000000000200c8c0                __floatsisf
                0x000000000200c8e0                __aeabi_ul2f
                0x000000000200c8e0                __floatundisf
                0x000000000200c8f0                __aeabi_l2f
                0x000000000200c8f0                __floatdisf
 .text          0x000000000200c99c      0x114 c:/devkitpro/devkitarm/bin/../lib/gcc/arm-none-eabi/12.1.0/thumb\libgcc.a(_arm_cmpsf2.o)
                0x000000000200c99c                __gesf2
                0x000000000200c99c                __gtsf2
                0x000000000200c9a4                __lesf2
                0x000000000200c9a4                __ltsf2
                0x000000000200c9ac                __nesf2
                0x000000000200c9ac                __eqsf2
                0x000000000200c9ac                __cmpsf2
                0x000000000200ca10                __aeabi_cfrcmple
                0x000000000200ca20                __aeabi_cfcmpeq
                0x000000000200ca20                __aeabi_cfcmple
                0x000000000200ca38                __aeabi_fcmpeq
                0x000000000200ca50                __aeabi_fcmplt
                0x000000000200ca68                __aeabi_fcmple
                0x000000000200ca80                __aeabi_fcmpge
                0x000000000200ca98                __aeabi_fcmpgt
 .text          0x000000000200cab0       0x5c c:/devkitpro/devkitarm/bin/../lib/gcc/arm-none-eabi/12.1.0/thumb\libgcc.a(_arm_fixsfsi.o)
                0x000000000200cab0                __aeabi_f2iz
                0x000000000200cab0                __fixsfsi
 .text          0x000000000200cb0c       0xd4 c:/devkitpro/devkitarm/bin/../lib/gcc/arm-none-eabi/12.1.0/thumb\libgcc.a(_aeabi_ldivmod.o)
                0x000000000200cb0c                __aeabi_ldivmod
 .text          0x000000000200cbe0       0x28 c:/devkitpro/devkitarm/bin/../lib/gcc/arm-none-eabi/12.1.0/thumb\libgcc.a(_clzdi2.o)
                0x000000000200cbe0                __clzdi2
 .text          0x000000000200cc08       0x48 c:/devkitpro/devkitarm/bin/../lib/gcc/arm-none-eabi/12.1.0/thumb\libgcc.a(_clzsi2.o)
                0x000000000200cc08                __clzsi2
 .text          0x000000000200cc50      0x224 c:/devkitpro/devkitarm/bin/../lib/gcc/arm-none-eabi/12.1.0/../../../../arm-none-eabi/lib/thumb\libg.a(lib_a-strcmp.o)
                0x000000000200cc50                strcmp
 .text          0x000000000200ce74       0x14 c:/devkitpro/devkitarm/bin/../lib/gcc/arm-none-eabi/12.1.0/thumb\libgcc.a(_thumb1_case_uqi.o)
                0x000000000200ce74                __gnu_thumb1_case_uqi
 .text          0x000000000200ce88       0x14 c:/devkitpro/devkitarm/bin/../lib/gcc/arm-none-eabi/12.1.0/thumb\libgcc.a(_thumb1_case_uhi.o)
                0x000000000200ce88                __gnu_thumb1_case_uhi
 .text          0x000000000200ce9c      0x424 c:/devkitpro/devkitarm/bin/../lib/gcc/arm-none-eabi/12.1.0/thumb\libgcc.a(_arm_addsubdf3.o)
                0x000000000200ce9c                __aeabi_drsub
                0x000000000200cea4                __aeabi_dsub
                0x000000000200cea4                __subdf3
                0x000000000200cea8                __aeabi_dadd
                0x000000000200cea8                __adddf3
                0x000000000200d1b8                __floatunsidf
                0x000000000200d1b8                __aeabi_ui2d
                0x000000000200d1dc                __floatsidf
                0x000000000200d1dc                __aeabi_i2d
                0x000000000200d204                __aeabi_f2d
                0x000000000200d204                __extendsfdf2
                0x000000000200d24c                __floatundidf
                0x000000000200d24c                __aeabi_ul2d
                0x000000000200d260                __floatdidf
                0x000000000200d260                __aeabi_l2d
 .text          0x000000000200d2c0      0x49c c:/devkitpro/devkitarm/bin/../lib/gcc/arm-none-eabi/12.1.0/thumb\libgcc.a(_arm_muldivdf3.o)
                0x000000000200d2c0                __aeabi_dmul
                0x000000000200d2c0                __muldf3
                0x000000000200d550                __divdf3
                0x000000000200d550                __aeabi_ddiv
 .text          0x000000000200d75c      0x144 c:/devkitpro/devkitarm/bin/../lib/gcc/arm-none-eabi/12.1.0/thumb\libgcc.a(_arm_cmpdf2.o)
                0x000000000200d75c                __gtdf2
                0x000000000200d75c                __gedf2
                0x000000000200d764                __ltdf2
                0x000000000200d764                __ledf2
                0x000000000200d76c                __nedf2
                0x000000000200d76c                __eqdf2
                0x000000000200d76c                __cmpdf2
                0x000000000200d7f4                __aeabi_cdrcmple
                0x000000000200d810                __aeabi_cdcmpeq
                0x000000000200d810                __aeabi_cdcmple
                0x000000000200d828                __aeabi_dcmpeq
                0x000000000200d840                __aeabi_dcmplt
                0x000000000200d858                __aeabi_dcmple
                0x000000000200d870                __aeabi_dcmpge
                0x000000000200d888                __aeabi_dcmpgt
 .text          0x000000000200d8a0       0x38 c:/devkitpro/devkitarm/bin/../lib/gcc/arm-none-eabi/12.1.0/thumb\libgcc.a(_arm_unorddf2.o)
                0x000000000200d8a0                __unorddf2
                0x000000000200d8a0                __aeabi_dcmpun
 .text          0x000000000200d8d8       0x5c c:/devkitpro/devkitarm/bin/../lib/gcc/arm-none-eabi/12.1.0/thumb\libgcc.a(_arm_fixdfsi.o)
                0x000000000200d8d8                __aeabi_d2iz
                0x000000000200d8d8                __fixdfsi
 .text          0x000000000200d934       0x3c c:/devkitpro/devkitarm/bin/../lib/gcc/arm-none-eabi/12.1.0/thumb\libgcc.a(_aeabi_uldivmod.o)
                0x000000000200d934                __aeabi_uldivmod
 *(EXCLUDE_FILE(*.twl* *.vectors* *.itcm*) .stub)
 *(EXCLUDE_FILE(*.twl* *.vectors* *.itcm*) .text.*)
 .text.__do_global_dtors_aux
                0x000000000200d970       0x2c c:/devkitpro/devkitarm/bin/../lib/gcc/arm-none-eabi/12.1.0/thumb/crtbegin.o
 .text.frame_dummy
                0x000000000200d99c       0x24 c:/devkitpro/devkitarm/bin/../lib/gcc/arm-none-eabi/12.1.0/thumb/crtbegin.o
 .text.startup  0x000000000200d9c0      0x7f0 angelCore.o
                0x000000000200d9c0                main
 .text.nitroFSDirClose
                0x000000000200e1b0        0x4 C:/devkitPro/libnds/lib\libfilesystem.a(nitrofs.o)
 .text.nitroFSSeek
                0x000000000200e1b4       0x78 C:/devkitPro/libnds/lib\libfilesystem.a(nitrofs.o)
 .text.nitroFSFstat
                0x000000000200e22c       0x10 C:/devkitPro/libnds/lib\libfilesystem.a(nitrofs.o)
 .text.nitroSubReadBlock
                0x000000000200e23c       0x54 C:/devkitPro/libnds/lib\libfilesystem.a(nitrofs.o)
 .text.nitroSubReadCard
                0x000000000200e290       0xb0 C:/devkitPro/libnds/lib\libfilesystem.a(nitrofs.o)
 .text.nitroFSClose
                0x000000000200e340        0x4 C:/devkitPro/libnds/lib\libfilesystem.a(nitrofs.o)
 .text.nitroDirReset
                0x000000000200e344       0x9c C:/devkitPro/libnds/lib\libfilesystem.a(nitrofs.o)
 .text.nitroFSRead
                0x000000000200e3e0       0xbc C:/devkitPro/libnds/lib\libfilesystem.a(nitrofs.o)
 .text.nitroFSDirNext
                0x000000000200e49c      0x30c C:/devkitPro/libnds/lib\libfilesystem.a(nitrofs.o)
 .text.nitroFSDirOpen
                0x000000000200e7a8       0xe0 C:/devkitPro/libnds/lib\libfilesystem.a(nitrofs.o)
 .text.nitroFSChdir
                0x000000000200e888       0x30 C:/devkitPro/libnds/lib\libfilesystem.a(nitrofs.o)
 .text.nitroFSOpen
                0x000000000200e8b8       0xc4 C:/devkitPro/libnds/lib\libfilesystem.a(nitrofs.o)
 .text.nitroFSstat
                0x000000000200e97c       0x68 C:/devkitPro/libnds/lib\libfilesystem.a(nitrofs.o)
 .text.nitroFSInit
                0x000000000200e9e4      0x12c C:/devkitPro/libnds/lib\libfilesystem.a(nitrofs.o)
                0x000000000200e9e4                nitroFSInit
 .text.fatMount.part.0
                0x000000000200eb10       0xa0 C:/devkitPro/libnds/lib\libfat.a(libfat.o)
 .text.fatMount
                0x000000000200ebb0       0x3c C:/devkitPro/libnds/lib\libfat.a(libfat.o)
                0x000000000200ebb0                fatMount
 .text.fatInit  0x000000000200ebec      0x130 C:/devkitPro/libnds/lib\libfat.a(libfat.o)
                0x000000000200ebec                fatInit
 .text.fatInitDefault
                0x000000000200ed1c        0xc C:/devkitPro/libnds/lib\libfat.a(libfat.o)
                0x000000000200ed1c                fatInitDefault
 .text._FAT_check_position_for_next_cluster.part.0
                0x000000000200ed28       0x68 C:/devkitPro/libnds/lib\libfat.a(fatfile.o)
 .text._FAT_syncToDisc.part.0
                0x000000000200ed90       0xd4 C:/devkitPro/libnds/lib\libfat.a(fatfile.o)
 .text._FAT_file_extend_r
                0x000000000200ee64      0x208 C:/devkitPro/libnds/lib\libfat.a(fatfile.o)
 .text._FAT_open_r
                0x000000000200f06c      0x2d4 C:/devkitPro/libnds/lib\libfat.a(fatfile.o)
                0x000000000200f06c                _FAT_open_r
 .text._FAT_close_r
                0x000000000200f340       0x74 C:/devkitPro/libnds/lib\libfat.a(fatfile.o)
                0x000000000200f340                _FAT_close_r
 .text._FAT_read_r
                0x000000000200f3b4      0x398 C:/devkitPro/libnds/lib\libfat.a(fatfile.o)
                0x000000000200f3b4                _FAT_read_r
 .text._FAT_write_r
                0x000000000200f74c      0x53c C:/devkitPro/libnds/lib\libfat.a(fatfile.o)
                0x000000000200f74c                _FAT_write_r
 .text._FAT_seek_r
                0x000000000200fc88      0x194 C:/devkitPro/libnds/lib\libfat.a(fatfile.o)
                0x000000000200fc88                _FAT_seek_r
 .text._FAT_fstat_r
                0x000000000200fe1c       0x8c C:/devkitPro/libnds/lib\libfat.a(fatfile.o)
                0x000000000200fe1c                _FAT_fstat_r
 .text._FAT_ftruncate_r
                0x000000000200fea8      0x16c C:/devkitPro/libnds/lib\libfat.a(fatfile.o)
                0x000000000200fea8                _FAT_ftruncate_r
 .text._FAT_fsync_r
                0x0000000002010014       0x44 C:/devkitPro/libnds/lib\libfat.a(fatfile.o)
                0x0000000002010014                _FAT_fsync_r
 .text._FAT_cache_getPage
                0x0000000002010058       0xf0 C:/devkitPro/libnds/lib\libfat.a(cache.o)
 .text._FAT_cache_constructor
                0x0000000002010148       0x90 C:/devkitPro/libnds/lib\libfat.a(cache.o)
                0x0000000002010148                _FAT_cache_constructor
 .text._FAT_cache_readSectors
                0x00000000020101d8       0x60 C:/devkitPro/libnds/lib\libfat.a(cache.o)
                0x00000000020101d8                _FAT_cache_readSectors
 .text._FAT_cache_readPartialSector
                0x0000000002010238       0x3c C:/devkitPro/libnds/lib\libfat.a(cache.o)
                0x0000000002010238                _FAT_cache_readPartialSector
 .text._FAT_cache_readLittleEndianValue
                0x0000000002010274       0x70 C:/devkitPro/libnds/lib\libfat.a(cache.o)
                0x0000000002010274                _FAT_cache_readLittleEndianValue
 .text._FAT_cache_writePartialSector
                0x00000000020102e4       0x4c C:/devkitPro/libnds/lib\libfat.a(cache.o)
                0x00000000020102e4                _FAT_cache_writePartialSector
 .text._FAT_cache_writeLittleEndianValue
                0x0000000002010330       0x8c C:/devkitPro/libnds/lib\libfat.a(cache.o)
                0x0000000002010330                _FAT_cache_writeLittleEndianValue
 .text._FAT_cache_eraseWritePartialSector
                0x00000000020103bc       0x60 C:/devkitPro/libnds/lib\libfat.a(cache.o)
                0x00000000020103bc                _FAT_cache_eraseWritePartialSector
 .text._FAT_cache_writeSectors
                0x000000000201041c       0x80 C:/devkitPro/libnds/lib\libfat.a(cache.o)
                0x000000000201041c                _FAT_cache_writeSectors
 .text._FAT_cache_flush
                0x000000000201049c       0x40 C:/devkitPro/libnds/lib\libfat.a(cache.o)
                0x000000000201049c                _FAT_cache_flush
 .text._FAT_stat_r
                0x00000000020104dc       0x90 C:/devkitPro/libnds/lib\libfat.a(fatdir.o)
                0x00000000020104dc                _FAT_stat_r
 .text._FAT_link_r
                0x000000000201056c        0xc C:/devkitPro/libnds/lib\libfat.a(fatdir.o)
                0x000000000201056c                _FAT_link_r
 .text._FAT_unlink_r
                0x0000000002010578      0x184 C:/devkitPro/libnds/lib\libfat.a(fatdir.o)
                0x0000000002010578                _FAT_unlink_r
 .text._FAT_chdir_r
                0x00000000020106fc       0x70 C:/devkitPro/libnds/lib\libfat.a(fatdir.o)
                0x00000000020106fc                _FAT_chdir_r
 .text._FAT_rename_r
                0x000000000201076c      0x1c4 C:/devkitPro/libnds/lib\libfat.a(fatdir.o)
                0x000000000201076c                _FAT_rename_r
 .text._FAT_mkdir_r
                0x0000000002010930      0x244 C:/devkitPro/libnds/lib\libfat.a(fatdir.o)
                0x0000000002010930                _FAT_mkdir_r
 .text._FAT_statvfs_r
                0x0000000002010b74       0x78 C:/devkitPro/libnds/lib\libfat.a(fatdir.o)
                0x0000000002010b74                _FAT_statvfs_r
 .text._FAT_diropen_r
                0x0000000002010bec       0xb0 C:/devkitPro/libnds/lib\libfat.a(fatdir.o)
                0x0000000002010bec                _FAT_diropen_r
 .text._FAT_dirreset_r
                0x0000000002010c9c       0x4c C:/devkitPro/libnds/lib\libfat.a(fatdir.o)
                0x0000000002010c9c                _FAT_dirreset_r
 .text._FAT_dirnext_r
                0x0000000002010ce8       0x7c C:/devkitPro/libnds/lib\libfat.a(fatdir.o)
                0x0000000002010ce8                _FAT_dirnext_r
 .text._FAT_dirclose_r
                0x0000000002010d64       0x20 C:/devkitPro/libnds/lib\libfat.a(fatdir.o)
                0x0000000002010d64                _FAT_dirclose_r
 .text._FAT_directory_entryGetAlias
                0x0000000002010d84       0xc8 C:/devkitPro/libnds/lib\libfat.a(directory.o)
 .text._FAT_directory_incrementDirEntryPosition
                0x0000000002010e4c       0x80 C:/devkitPro/libnds/lib\libfat.a(directory.o)
 .text._FAT_directory_mbsncasecmp
                0x0000000002010ecc       0xa8 C:/devkitPro/libnds/lib\libfat.a(directory.o)
 .text._FAT_directory_ucs2tombs.constprop.0
                0x0000000002010f74       0x90 C:/devkitPro/libnds/lib\libfat.a(directory.o)
 .text._FAT_directory_entryGetCluster
                0x0000000002011004       0x20 C:/devkitPro/libnds/lib\libfat.a(directory.o)
                0x0000000002011004                _FAT_directory_entryGetCluster
 .text._FAT_directory_getNextEntry
                0x0000000002011024      0x23c C:/devkitPro/libnds/lib\libfat.a(directory.o)
                0x0000000002011024                _FAT_directory_getNextEntry
 .text._FAT_directory_entryExists
                0x0000000002011260       0x80 C:/devkitPro/libnds/lib\libfat.a(directory.o)
 .text._FAT_directory_getFirstEntry
                0x00000000020112e0       0x20 C:/devkitPro/libnds/lib\libfat.a(directory.o)
                0x00000000020112e0                _FAT_directory_getFirstEntry
 .text._FAT_directory_getRootEntry
                0x0000000002011300       0x60 C:/devkitPro/libnds/lib\libfat.a(directory.o)
                0x0000000002011300                _FAT_directory_getRootEntry
 .text._FAT_directory_entryFromPosition
                0x0000000002011360      0x150 C:/devkitPro/libnds/lib\libfat.a(directory.o)
                0x0000000002011360                _FAT_directory_entryFromPosition
 .text._FAT_directory_entryFromPath
                0x00000000020114b0      0x248 C:/devkitPro/libnds/lib\libfat.a(directory.o)
                0x00000000020114b0                _FAT_directory_entryFromPath
 .text._FAT_directory_removeEntry
                0x00000000020116f8       0xd8 C:/devkitPro/libnds/lib\libfat.a(directory.o)
                0x00000000020116f8                _FAT_directory_removeEntry
 .text._FAT_directory_addEntry
                0x00000000020117d0      0x808 C:/devkitPro/libnds/lib\libfat.a(directory.o)
                0x00000000020117d0                _FAT_directory_addEntry
 .text._FAT_directory_chdir
                0x0000000002011fd8       0x3c C:/devkitPro/libnds/lib\libfat.a(directory.o)
                0x0000000002011fd8                _FAT_directory_chdir
 .text._FAT_directory_entryStat
                0x0000000002012014       0xe4 C:/devkitPro/libnds/lib\libfat.a(directory.o)
                0x0000000002012014                _FAT_directory_entryStat
 .text.isValidMBR
                0x00000000020120f8       0x5c C:/devkitPro/libnds/lib\libfat.a(partition.o)
 .text._FAT_updateFS_INFO
                0x0000000002012154       0x54 C:/devkitPro/libnds/lib\libfat.a(partition.o)
 .text.FindFirstValidPartition_buf.part.0
                0x00000000020121a8      0x11c C:/devkitPro/libnds/lib\libfat.a(partition.o)
 .text._FAT_partition_getPartitionFromPath
                0x00000000020122c4       0x10 C:/devkitPro/libnds/lib\libfat.a(partition.o)
                0x00000000020122c4                _FAT_partition_getPartitionFromPath
 .text._FAT_partition_createFSinfo
                0x00000000020122d4       0x50 C:/devkitPro/libnds/lib\libfat.a(partition.o)
                0x00000000020122d4                _FAT_partition_createFSinfo
 .text._FAT_partition_readFSinfo.part.0
                0x0000000002012324       0x74 C:/devkitPro/libnds/lib\libfat.a(partition.o)
 .text._FAT_partition_constructor_buf
                0x0000000002012398      0x2e8 C:/devkitPro/libnds/lib\libfat.a(partition.o)
                0x0000000002012398                _FAT_partition_constructor_buf
 .text._FAT_partition_constructor
                0x0000000002012680       0x40 C:/devkitPro/libnds/lib\libfat.a(partition.o)
                0x0000000002012680                _FAT_partition_constructor
 .text._FAT_partition_readFSinfo
                0x00000000020126c0       0x10 C:/devkitPro/libnds/lib\libfat.a(partition.o)
                0x00000000020126c0                _FAT_partition_readFSinfo
 .text._FAT_lock_init
                0x00000000020126d0        0x4 C:/devkitPro/libnds/lib\libfat.a(lock.o)
                0x00000000020126d0                _FAT_lock_init
 .text._FAT_lock
                0x00000000020126d4        0x4 C:/devkitPro/libnds/lib\libfat.a(lock.o)
                0x00000000020126d4                _FAT_lock
 .text._FAT_unlock
                0x00000000020126d8        0x4 C:/devkitPro/libnds/lib\libfat.a(lock.o)
                0x00000000020126d8                _FAT_unlock
 .text._FAT_filetime_getTimeFromRTC
                0x00000000020126dc       0x44 C:/devkitPro/libnds/lib\libfat.a(filetime.o)
                0x00000000020126dc                _FAT_filetime_getTimeFromRTC
 .text._FAT_filetime_getDateFromRTC
                0x0000000002012720       0x44 C:/devkitPro/libnds/lib\libfat.a(filetime.o)
                0x0000000002012720                _FAT_filetime_getDateFromRTC
 .text._FAT_filetime_to_time_t
                0x0000000002012764       0x38 C:/devkitPro/libnds/lib\libfat.a(filetime.o)
                0x0000000002012764                _FAT_filetime_to_time_t
 .text._FAT_fat_writeFatEntry.part.0.isra.0
                0x000000000201279c      0x12c C:/devkitPro/libnds/lib\libfat.a(file_allocation_table.o)
 .text._FAT_fat_nextCluster
                0x00000000020128c8      0x108 C:/devkitPro/libnds/lib\libfat.a(file_allocation_table.o)
                0x00000000020128c8                _FAT_fat_nextCluster
 .text._FAT_fat_linkFreeCluster
                0x00000000020129d0       0xac C:/devkitPro/libnds/lib\libfat.a(file_allocation_table.o)
                0x00000000020129d0                _FAT_fat_linkFreeCluster
 .text._FAT_fat_linkFreeClusterCleared
                0x0000000002012a7c       0x68 C:/devkitPro/libnds/lib\libfat.a(file_allocation_table.o)
                0x0000000002012a7c                _FAT_fat_linkFreeClusterCleared
 .text._FAT_fat_clearLinks
                0x0000000002012ae4       0x7c C:/devkitPro/libnds/lib\libfat.a(file_allocation_table.o)
                0x0000000002012ae4                _FAT_fat_clearLinks
 .text._FAT_fat_trimChain
                0x0000000002012b60       0x80 C:/devkitPro/libnds/lib\libfat.a(file_allocation_table.o)
                0x0000000002012b60                _FAT_fat_trimChain
 .text._FAT_fat_lastCluster
                0x0000000002012be0       0x34 C:/devkitPro/libnds/lib\libfat.a(file_allocation_table.o)
                0x0000000002012be0                _FAT_fat_lastCluster
 .text._FAT_fat_freeClusterCount
                0x0000000002012c14       0x2c C:/devkitPro/libnds/lib\libfat.a(file_allocation_table.o)
                0x0000000002012c14                _FAT_fat_freeClusterCount
 .text.setBrightness
                0x0000000002012c40       0x40 C:/devkitPro/libnds/lib\libnds9.a(video.o)
                0x0000000002012c40                setBrightness
 .text.vramDefault
                0x0000000002012c80       0xd0 C:/devkitPro/libnds/lib\libnds9.a(video.o)
                0x0000000002012c80                vramDefault
 .text.touchRead
                0x0000000002012d50       0x24 C:/devkitPro/libnds/lib\libnds9.a(touch.o)
                0x0000000002012d50                touchRead
 .text.newRow   0x0000000002012d74       0xa8 C:/devkitPro/libnds/lib\libnds9.a(console.o)
 .text.consolePrintChar
                0x0000000002012e1c       0xe0 C:/devkitPro/libnds/lib\libnds9.a(console.o)
                0x0000000002012e1c                consolePrintChar
 .text.con_write
                0x0000000002012efc      0x36c C:/devkitPro/libnds/lib\libnds9.a(console.o)
                0x0000000002012efc                con_write
 .text.consoleLoadFont
                0x0000000002013268      0x2a0 C:/devkitPro/libnds/lib\libnds9.a(console.o)
                0x0000000002013268                consoleLoadFont
 .text.consoleInit
                0x0000000002013508      0x18c C:/devkitPro/libnds/lib\libnds9.a(console.o)
                0x0000000002013508                consoleInit
 .text.consoleDemoInit
                0x0000000002013694       0x40 C:/devkitPro/libnds/lib\libnds9.a(console.o)
                0x0000000002013694                consoleDemoInit
 .text.consoleClear
                0x00000000020136d4       0x10 C:/devkitPro/libnds/lib\libnds9.a(console.o)
                0x00000000020136d4                consoleClear
 .text.soundEnable
                0x00000000020136e4       0x10 C:/devkitPro/libnds/lib\libnds9.a(sound.o)
                0x00000000020136e4                soundEnable
 .text.soundPlaySample
                0x00000000020136f4       0x68 C:/devkitPro/libnds/lib\libnds9.a(sound.o)
                0x00000000020136f4                soundPlaySample
 .text.oamInit  0x000000000201375c      0x114 C:/devkitPro/libnds/lib\libnds9.a(sprite.o)
                0x000000000201375c                oamInit
 .text.oamGfxPtrToOffset
                0x0000000002013870       0x34 C:/devkitPro/libnds/lib\libnds9.a(sprite.o)
                0x0000000002013870                oamGfxPtrToOffset
 .text.oamSet   0x00000000020138a4      0x104 C:/devkitPro/libnds/lib\libnds9.a(sprite.o)
                0x00000000020138a4                oamSet
 .text.oamUpdate
                0x00000000020139a8       0x60 C:/devkitPro/libnds/lib\libnds9.a(sprite.o)
                0x00000000020139a8                oamUpdate
 .text.oamRotateScale
                0x0000000002013a08       0x4c C:/devkitPro/libnds/lib\libnds9.a(sprite.o)
                0x0000000002013a08                oamRotateScale
 .text.scanKeys
                0x0000000002013a54       0x8c C:/devkitPro/libnds/lib\libnds9.a(keys.o)
                0x0000000002013a54                scanKeys
 .text.keysHeld
                0x0000000002013ae0        0xc C:/devkitPro/libnds/lib\libnds9.a(keys.o)
                0x0000000002013ae0                keysHeld
 .text.keysDown
                0x0000000002013aec       0x14 C:/devkitPro/libnds/lib\libnds9.a(keys.o)
                0x0000000002013aec                keysDown
 .text.dldiGetInternal
                0x0000000002013b00       0x34 C:/devkitPro/libnds/lib\libnds9.a(dldi.o)
                0x0000000002013b00                dldiGetInternal
 .text.get_io_dsisd
                0x0000000002013b34       0x24 C:/devkitPro/libnds/lib\libnds9.a(dldi.o)
                0x0000000002013b34                get_io_dsisd
 .text.__syscall_gettod_r
                0x0000000002013b58       0x28 C:/devkitPro/libnds/lib\libnds9.a(initSystem.o)
                0x0000000002013b58                __syscall_gettod_r
 .text.__syscall_exit
                0x0000000002013b80        0x8 C:/devkitPro/libnds/lib\libnds9.a(initSystem.o)
                0x0000000002013b80                __syscall_exit
 .text.initSystem
                0x0000000002013b88      0x180 C:/devkitPro/libnds/lib\libnds9.a(initSystem.o)
                0x0000000002013b88                initSystem
 .text.irqDummy
                0x0000000002013d08        0x4 C:/devkitPro/libnds/lib\libnds9.a(interrupts.o)
                0x0000000002013d08                irqDummy
 .text.irqSet   0x0000000002013d0c       0x6c C:/devkitPro/libnds/lib\libnds9.a(interrupts.o)
                0x0000000002013d0c                irqSet
 .text.irqInit  0x0000000002013d78       0x50 C:/devkitPro/libnds/lib\libnds9.a(interrupts.o)
                0x0000000002013d78                irqInit
 .text.irqEnable
                0x0000000002013dc8       0x64 C:/devkitPro/libnds/lib\libnds9.a(interrupts.o)
                0x0000000002013dc8                irqEnable
 .text.irqDisable
                0x0000000002013e2c       0x64 C:/devkitPro/libnds/lib\libnds9.a(interrupts.o)
                0x0000000002013e2c                irqDisable
 .text.systemErrorExit
                0x0000000002013e90        0x4 C:/devkitPro/libnds/lib\libnds9.a(libnds_exit.arm.o)
                0x0000000002013e90                systemErrorExit
 .text.__libnds_exit
                0x0000000002013e94       0x5c C:/devkitPro/libnds/lib\libnds9.a(libnds_exit.arm.o)
                0x0000000002013e94                __libnds_exit
 .text.cardPolledTransfer
                0x0000000002013ef0       0x54 C:/devkitPro/libnds/lib\libnds9.a(card.o)
                0x0000000002013ef0                cardPolledTransfer
 .text.cardParamCommand
                0x0000000002013f44       0x34 C:/devkitPro/libnds/lib\libnds9.a(card.o)
                0x0000000002013f44                cardParamCommand
 .text.fifo_queueBlock
                0x0000000002013f78       0x44 C:/devkitPro/libnds/lib\libnds9.a(fifosystem.o)
 .text.fifo_waitBlock
                0x0000000002013fbc       0x80 C:/devkitPro/libnds/lib\libnds9.a(fifosystem.o)
 .text.fifoInternalSend.part.0
                0x000000000201403c       0xd4 C:/devkitPro/libnds/lib\libnds9.a(fifosystem.o)
 .text.fifoInternalSendInterrupt
                0x0000000002014110       0xb0 C:/devkitPro/libnds/lib\libnds9.a(fifosystem.o)
 .text.fifoSetValue32Handler
                0x00000000020141c0       0xd4 C:/devkitPro/libnds/lib\libnds9.a(fifosystem.o)
                0x00000000020141c0                fifoSetValue32Handler
 .text.fifoSendValue32
                0x0000000002014294       0x4c C:/devkitPro/libnds/lib\libnds9.a(fifosystem.o)
                0x0000000002014294                fifoSendValue32
 .text.fifoSendDatamsg
                0x00000000020142e0       0x90 C:/devkitPro/libnds/lib\libnds9.a(fifosystem.o)
                0x00000000020142e0                fifoSendDatamsg
 .text.fifoGetValue32
                0x0000000002014370       0x70 C:/devkitPro/libnds/lib\libnds9.a(fifosystem.o)
                0x0000000002014370                fifoGetValue32
 .text.fifoGetDatamsg
                0x00000000020143e0       0xf4 C:/devkitPro/libnds/lib\libnds9.a(fifosystem.o)
                0x00000000020143e0                fifoGetDatamsg
 .text.fifoInternalRecvInterrupt
                0x00000000020144d4      0x37c C:/devkitPro/libnds/lib\libnds9.a(fifosystem.o)
 .text.fifoSetDatamsgHandler
                0x0000000002014850       0x9c C:/devkitPro/libnds/lib\libnds9.a(fifosystem.o)
                0x0000000002014850                fifoSetDatamsgHandler
 .text.fifoCheckValue32
                0x00000000020148ec       0x24 C:/devkitPro/libnds/lib\libnds9.a(fifosystem.o)
                0x00000000020148ec                fifoCheckValue32
 .text.fifoInit
                0x0000000002014910      0x108 C:/devkitPro/libnds/lib\libnds9.a(fifosystem.o)
                0x0000000002014910                fifoInit
 .text.DC_FlushRange
                0x0000000002014a18       0x24 C:/devkitPro/libnds/lib\libnds9.a(dcache.o)
                0x0000000002014a18                DC_FlushRange
 .text.DC_InvalidateRange
                0x0000000002014a3c       0x2c C:/devkitPro/libnds/lib\libnds9.a(dcache.o)
                0x0000000002014a3c                DC_InvalidateRange
 .text.__libnds_mpu_setup
                0x0000000002014a68      0x174 C:/devkitPro/libnds/lib\libnds9.a(mpu_setup.o)
                0x0000000002014a68                __libnds_mpu_setup
 .text.memUncached
                0x0000000002014bdc       0x20 C:/devkitPro/libnds/lib\libnds9.a(mpu_setup.o)
                0x0000000002014bdc                memUncached
 .text.swiWaitForVBlank
                0x0000000002014bfc        0x8 C:/devkitPro/libnds/lib\libnds9.a(IntrWait.o)
                0x0000000002014bfc                swiWaitForVBlank
 .text.swiIntrWait
                0x0000000002014c04       0x70 C:/devkitPro/libnds/lib\libnds9.a(IntrWait.o)
                0x0000000002014c04                swiIntrWait
 .text.setCpuClock
                0x0000000002014c74       0x50 C:/devkitPro/libnds/lib\libnds9.a(cpu_clock.o)
                0x0000000002014c74                setCpuClock
 .text.swiDelay
                0x0000000002014cc4        0x4 C:/devkitPro/libnds/lib\libnds9.a(biosCalls.o)
                0x0000000002014cc4                swiDelay
 .text.swiSoftReset
                0x0000000002014cc8       0x2c C:/devkitPro/libnds/lib\libnds9.a(swiSoftReset.o)
                0x0000000002014cc8                swiSoftReset
 .text.checkIfText
                0x0000000002014cf4       0x5c C:/devkitPro/libnds/lib\libnds9.a(background.o)
                0x0000000002014cf4                checkIfText
 .text.bgUpdate
                0x0000000002014d50       0xf4 C:/devkitPro/libnds/lib\libnds9.a(background.o)
                0x0000000002014d50                bgUpdate
 .text.bgInit_call
                0x0000000002014e44       0xc4 C:/devkitPro/libnds/lib\libnds9.a(background.o)
                0x0000000002014e44                bgInit_call
 .text.bgInitSub_call
                0x0000000002014f08       0xcc C:/devkitPro/libnds/lib\libnds9.a(background.o)
                0x0000000002014f08                bgInitSub_call
 .text.sinLutLookup
                0x0000000002014fd4       0x4c C:/devkitPro/libnds/lib\libnds9.a(trig.o)
                0x0000000002014fd4                sinLutLookup
 .text.sinLerp  0x0000000002015020       0x40 C:/devkitPro/libnds/lib\libnds9.a(trig.o)
                0x0000000002015020                sinLerp
 .text.cosLerp  0x0000000002015060       0x4c C:/devkitPro/libnds/lib\libnds9.a(trig.o)
                0x0000000002015060                cosLerp
 .text.oamAllocReset
                0x00000000020150ac       0x1c C:/devkitPro/libnds/lib\libnds9.a(sprite_alloc.o)
                0x00000000020150ac                oamAllocReset
 .text.systemValueHandler
                0x00000000020150c8       0x48 C:/devkitPro/libnds/lib\libnds9.a(system.o)
                0x00000000020150c8                systemValueHandler
 .text.systemMsgHandler
                0x0000000002015110       0x60 C:/devkitPro/libnds/lib\libnds9.a(system.o)
                0x0000000002015110                systemMsgHandler
 .text.powerOn  0x0000000002015170       0x2c C:/devkitPro/libnds/lib\libnds9.a(system.o)
                0x0000000002015170                powerOn
 .text.__muldi3
                0x000000000201519c       0x64 c:/devkitpro/devkitarm/bin/../lib/gcc/arm-none-eabi/12.1.0/thumb\libgcc.a(_muldi3.o)
                0x000000000201519c                __muldi3
                0x000000000201519c                __aeabi_lmul
 .text.__udivmoddi4
                0x0000000002015200      0x19c c:/devkitpro/devkitarm/bin/../lib/gcc/arm-none-eabi/12.1.0/thumb\libgcc.a(_udivmoddi4.o)
                0x0000000002015200                __udivmoddi4
 .text.calloc   0x000000000201539c       0x18 c:/devkitpro/devkitarm/bin/../lib/gcc/arm-none-eabi/12.1.0/../../../../arm-none-eabi/lib/thumb\libg.a(lib_a-calloc.o)
                0x000000000201539c                calloc
 .text._calloc_r
                0x00000000020153b4       0xb8 c:/devkitpro/devkitarm/bin/../lib/gcc/arm-none-eabi/12.1.0/../../../../arm-none-eabi/lib/thumb\libg.a(lib_a-callocr.o)
                0x00000000020153b4                _calloc_r
 .text.__errno  0x000000000201546c        0xc c:/devkitpro/devkitarm/bin/../lib/gcc/arm-none-eabi/12.1.0/../../../../arm-none-eabi/lib/thumb\libg.a(lib_a-errno.o)
                0x000000000201546c                __errno
 .text._fclose_r
                0x0000000002015478       0xe4 c:/devkitpro/devkitarm/bin/../lib/gcc/arm-none-eabi/12.1.0/../../../../arm-none-eabi/lib/thumb\libg.a(lib_a-fclose.o)
                0x0000000002015478                _fclose_r
 .text.fclose   0x000000000201555c       0x14 c:/devkitpro/devkitarm/bin/../lib/gcc/arm-none-eabi/12.1.0/../../../../arm-none-eabi/lib/thumb\libg.a(lib_a-fclose.o)
                0x000000000201555c                fclose
 .text.__sflush_r
                0x0000000002015570      0x18c c:/devkitpro/devkitarm/bin/../lib/gcc/arm-none-eabi/12.1.0/../../../../arm-none-eabi/lib/thumb\libg.a(lib_a-fflush.o)
                0x0000000002015570                __sflush_r
 .text._fflush_r
                0x00000000020156fc       0x70 c:/devkitpro/devkitarm/bin/../lib/gcc/arm-none-eabi/12.1.0/../../../../arm-none-eabi/lib/thumb\libg.a(lib_a-fflush.o)
                0x00000000020156fc                _fflush_r
 .text.fflush   0x000000000201576c       0x2c c:/devkitpro/devkitarm/bin/../lib/gcc/arm-none-eabi/12.1.0/../../../../arm-none-eabi/lib/thumb\libg.a(lib_a-fflush.o)
                0x000000000201576c                fflush
 .text._cleanup_r
                0x0000000002015798       0x14 c:/devkitpro/devkitarm/bin/../lib/gcc/arm-none-eabi/12.1.0/../../../../arm-none-eabi/lib/thumb\libg.a(lib_a-findfp.o)
                0x0000000002015798                _cleanup_r
 .text.__sinit  0x00000000020157ac      0x124 c:/devkitpro/devkitarm/bin/../lib/gcc/arm-none-eabi/12.1.0/../../../../arm-none-eabi/lib/thumb\libg.a(lib_a-findfp.o)
                0x00000000020157ac                __sinit
 .text.__sfp    0x00000000020158d0       0xd4 c:/devkitpro/devkitarm/bin/../lib/gcc/arm-none-eabi/12.1.0/../../../../arm-none-eabi/lib/thumb\libg.a(lib_a-findfp.o)
                0x00000000020158d0                __sfp
 .text.__sfp_lock_acquire
                0x00000000020159a4       0x14 c:/devkitpro/devkitarm/bin/../lib/gcc/arm-none-eabi/12.1.0/../../../../arm-none-eabi/lib/thumb\libg.a(lib_a-findfp.o)
                0x00000000020159a4                __sfp_lock_acquire
 .text.__sfp_lock_release
                0x00000000020159b8       0x14 c:/devkitpro/devkitarm/bin/../lib/gcc/arm-none-eabi/12.1.0/../../../../arm-none-eabi/lib/thumb\libg.a(lib_a-findfp.o)
                0x00000000020159b8                __sfp_lock_release
 .text._fopen_r
                0x00000000020159cc       0xbc c:/devkitpro/devkitarm/bin/../lib/gcc/arm-none-eabi/12.1.0/../../../../arm-none-eabi/lib/thumb\libg.a(lib_a-fopen.o)
                0x00000000020159cc                _fopen_r
 .text.fopen    0x0000000002015a88       0x18 c:/devkitpro/devkitarm/bin/../lib/gcc/arm-none-eabi/12.1.0/../../../../arm-none-eabi/lib/thumb\libg.a(lib_a-fopen.o)
                0x0000000002015a88                fopen
 .text._fread_r
                0x0000000002015aa0      0x1e4 c:/devkitpro/devkitarm/bin/../lib/gcc/arm-none-eabi/12.1.0/../../../../arm-none-eabi/lib/thumb\libg.a(lib_a-fread.o)
                0x0000000002015aa0                _fread_r
 .text.fread    0x0000000002015c84       0x24 c:/devkitpro/devkitarm/bin/../lib/gcc/arm-none-eabi/12.1.0/../../../../arm-none-eabi/lib/thumb\libg.a(lib_a-fread.o)
                0x0000000002015c84                fread
 .text._malloc_trim_r
                0x0000000002015ca8       0xac c:/devkitpro/devkitarm/bin/../lib/gcc/arm-none-eabi/12.1.0/../../../../arm-none-eabi/lib/thumb\libg.a(lib_a-freer.o)
                0x0000000002015ca8                _malloc_trim_r
 .text._free_r  0x0000000002015d54      0x1d8 c:/devkitpro/devkitarm/bin/../lib/gcc/arm-none-eabi/12.1.0/../../../../arm-none-eabi/lib/thumb\libg.a(lib_a-freer.o)
                0x0000000002015d54                _free_r
 .text._fseek_r
                0x0000000002015f2c       0x18 c:/devkitpro/devkitarm/bin/../lib/gcc/arm-none-eabi/12.1.0/../../../../arm-none-eabi/lib/thumb\libg.a(lib_a-fseek.o)
                0x0000000002015f2c                _fseek_r
 .text.fseek    0x0000000002015f44       0x24 c:/devkitpro/devkitarm/bin/../lib/gcc/arm-none-eabi/12.1.0/../../../../arm-none-eabi/lib/thumb\libg.a(lib_a-fseek.o)
                0x0000000002015f44                fseek
 .text._fseeko_r
                0x0000000002015f68      0x410 c:/devkitpro/devkitarm/bin/../lib/gcc/arm-none-eabi/12.1.0/../../../../arm-none-eabi/lib/thumb\libg.a(lib_a-fseeko.o)
                0x0000000002015f68                _fseeko_r
 .text.ftell    0x0000000002016378       0x24 c:/devkitpro/devkitarm/bin/../lib/gcc/arm-none-eabi/12.1.0/../../../../arm-none-eabi/lib/thumb\libg.a(lib_a-ftell.o)
                0x0000000002016378                ftell
 .text._ftello_r
                0x000000000201639c      0x11c c:/devkitpro/devkitarm/bin/../lib/gcc/arm-none-eabi/12.1.0/../../../../arm-none-eabi/lib/thumb\libg.a(lib_a-ftello.o)
                0x000000000201639c                _ftello_r
 .text._fwalk   0x00000000020164b8       0x48 c:/devkitpro/devkitarm/bin/../lib/gcc/arm-none-eabi/12.1.0/../../../../arm-none-eabi/lib/thumb\libg.a(lib_a-fwalk.o)
                0x00000000020164b8                _fwalk
 .text._fwalk_reent
                0x0000000002016500       0x50 c:/devkitpro/devkitarm/bin/../lib/gcc/arm-none-eabi/12.1.0/../../../../arm-none-eabi/lib/thumb\libg.a(lib_a-fwalk.o)
                0x0000000002016500                _fwalk_reent
 .text.__libc_init_array
                0x0000000002016550       0x54 c:/devkitpro/devkitarm/bin/../lib/gcc/arm-none-eabi/12.1.0/../../../../arm-none-eabi/lib/thumb\libg.a(lib_a-init.o)
                0x0000000002016550                __libc_init_array
 .text.iprintf  0x00000000020165a4       0x24 c:/devkitpro/devkitarm/bin/../lib/gcc/arm-none-eabi/12.1.0/../../../../arm-none-eabi/lib/thumb\libg.a(lib_a-iprintf.o)
                0x00000000020165a4                iprintf
 .text.localtime_r
                0x00000000020165c8      0x228 c:/devkitpro/devkitarm/bin/../lib/gcc/arm-none-eabi/12.1.0/../../../../arm-none-eabi/lib/thumb\libg.a(lib_a-lcltime_r.o)
                0x00000000020165c8                localtime_r
 .text.__locale_mb_cur_max
                0x00000000020167f0       0x10 c:/devkitpro/devkitarm/bin/../lib/gcc/arm-none-eabi/12.1.0/../../../../arm-none-eabi/lib/thumb\libg.a(lib_a-locale.o)
                0x00000000020167f0                __locale_mb_cur_max
 .text.__smakebuf_r
                0x0000000002016800       0xf0 c:/devkitpro/devkitarm/bin/../lib/gcc/arm-none-eabi/12.1.0/../../../../arm-none-eabi/lib/thumb\libg.a(lib_a-makebuf.o)
                0x0000000002016800                __smakebuf_r
 .text.__swhatbuf_r
                0x00000000020168f0       0x5c c:/devkitpro/devkitarm/bin/../lib/gcc/arm-none-eabi/12.1.0/../../../../arm-none-eabi/lib/thumb\libg.a(lib_a-makebuf.o)
                0x00000000020168f0                __swhatbuf_r
 .text.malloc   0x000000000201694c       0x14 c:/devkitpro/devkitarm/bin/../lib/gcc/arm-none-eabi/12.1.0/../../../../arm-none-eabi/lib/thumb\libg.a(lib_a-malloc.o)
                0x000000000201694c                malloc
 .text.free     0x0000000002016960       0x14 c:/devkitpro/devkitarm/bin/../lib/gcc/arm-none-eabi/12.1.0/../../../../arm-none-eabi/lib/thumb\libg.a(lib_a-malloc.o)
                0x0000000002016960                free
 .text._malloc_r
                0x0000000002016974      0x560 c:/devkitpro/devkitarm/bin/../lib/gcc/arm-none-eabi/12.1.0/../../../../arm-none-eabi/lib/thumb\libg.a(lib_a-mallocr.o)
                0x0000000002016974                _malloc_r
 .text._mbrtowc_r
                0x0000000002016ed4       0x60 c:/devkitpro/devkitarm/bin/../lib/gcc/arm-none-eabi/12.1.0/../../../../arm-none-eabi/lib/thumb\libg.a(lib_a-mbrtowc.o)
                0x0000000002016ed4                _mbrtowc_r
 .text.mbrtowc  0x0000000002016f34       0x7c c:/devkitpro/devkitarm/bin/../lib/gcc/arm-none-eabi/12.1.0/../../../../arm-none-eabi/lib/thumb\libg.a(lib_a-mbrtowc.o)
                0x0000000002016f34                mbrtowc
 .text.mbsrtowcs
                0x0000000002016fb0       0x28 c:/devkitpro/devkitarm/bin/../lib/gcc/arm-none-eabi/12.1.0/../../../../arm-none-eabi/lib/thumb\libg.a(lib_a-mbsrtowcs.o)
                0x0000000002016fb0                mbsrtowcs
 .text.__utf8_mbtowc
                0x0000000002016fd8      0x27c c:/devkitpro/devkitarm/bin/../lib/gcc/arm-none-eabi/12.1.0/../../../../arm-none-eabi/lib/thumb\libg.a(lib_a-mbtowc_r.o)
                0x0000000002016fd8                __utf8_mbtowc
 .text.memcmp   0x0000000002017254       0x48 c:/devkitpro/devkitarm/bin/../lib/gcc/arm-none-eabi/12.1.0/../../../../arm-none-eabi/lib/thumb\libg.a(lib_a-memcmp.o)
                0x0000000002017254                memcmp
 .text.memcpy   0x000000000201729c       0x94 c:/devkitpro/devkitarm/bin/../lib/gcc/arm-none-eabi/12.1.0/../../../../arm-none-eabi/lib/thumb\libg.a(lib_a-memcpy-stub.o)
                0x000000000201729c                memcpy
 .text.memmove  0x0000000002017330       0xc0 c:/devkitpro/devkitarm/bin/../lib/gcc/arm-none-eabi/12.1.0/../../../../arm-none-eabi/lib/thumb\libg.a(lib_a-memmove.o)
                0x0000000002017330                memmove
 .text.memset   0x00000000020173f0       0xb0 c:/devkitpro/devkitarm/bin/../lib/gcc/arm-none-eabi/12.1.0/../../../../arm-none-eabi/lib/thumb\libg.a(lib_a-memset.o)
                0x00000000020173f0                memset
 .text.validate_structure
                0x00000000020174a0      0x1d4 c:/devkitpro/devkitarm/bin/../lib/gcc/arm-none-eabi/12.1.0/../../../../arm-none-eabi/lib/thumb\libg.a(lib_a-mktime.o)
 .text.mktime   0x0000000002017674      0x434 c:/devkitpro/devkitarm/bin/../lib/gcc/arm-none-eabi/12.1.0/../../../../arm-none-eabi/lib/thumb\libg.a(lib_a-mktime.o)
                0x0000000002017674                mktime
 .text.__malloc_lock
                0x0000000002017aa8       0x14 c:/devkitpro/devkitarm/bin/../lib/gcc/arm-none-eabi/12.1.0/../../../../arm-none-eabi/lib/thumb\libg.a(lib_a-mlock.o)
                0x0000000002017aa8                __malloc_lock
 .text.__malloc_unlock
                0x0000000002017abc       0x14 c:/devkitpro/devkitarm/bin/../lib/gcc/arm-none-eabi/12.1.0/../../../../arm-none-eabi/lib/thumb\libg.a(lib_a-mlock.o)
                0x0000000002017abc                __malloc_unlock
 .text.srand    0x0000000002017ad0       0x18 c:/devkitpro/devkitarm/bin/../lib/gcc/arm-none-eabi/12.1.0/../../../../arm-none-eabi/lib/thumb\libg.a(lib_a-rand.o)
                0x0000000002017ad0                srand
 .text.rand     0x0000000002017ae8       0x34 c:/devkitpro/devkitarm/bin/../lib/gcc/arm-none-eabi/12.1.0/../../../../arm-none-eabi/lib/thumb\libg.a(lib_a-rand.o)
                0x0000000002017ae8                rand
 .text.realloc  0x0000000002017b1c       0x18 c:/devkitpro/devkitarm/bin/../lib/gcc/arm-none-eabi/12.1.0/../../../../arm-none-eabi/lib/thumb\libg.a(lib_a-realloc.o)
                0x0000000002017b1c                realloc
 .text._realloc_r
                0x0000000002017b34      0x384 c:/devkitpro/devkitarm/bin/../lib/gcc/arm-none-eabi/12.1.0/../../../../arm-none-eabi/lib/thumb\libg.a(lib_a-reallocr.o)
                0x0000000002017b34                _realloc_r
 .text.lflush   0x0000000002017eb8       0x20 c:/devkitpro/devkitarm/bin/../lib/gcc/arm-none-eabi/12.1.0/../../../../arm-none-eabi/lib/thumb\libg.a(lib_a-refill.o)
 .text.__srefill_r
                0x0000000002017ed8      0x108 c:/devkitpro/devkitarm/bin/../lib/gcc/arm-none-eabi/12.1.0/../../../../arm-none-eabi/lib/thumb\libg.a(lib_a-refill.o)
                0x0000000002017ed8                __srefill_r
 .text.rewind   0x0000000002017fe0       0x20 c:/devkitpro/devkitarm/bin/../lib/gcc/arm-none-eabi/12.1.0/../../../../arm-none-eabi/lib/thumb\libg.a(lib_a-rewind.o)
                0x0000000002017fe0                rewind
 .text.setvbuf  0x0000000002018000      0x19c c:/devkitpro/devkitarm/bin/../lib/gcc/arm-none-eabi/12.1.0/../../../../arm-none-eabi/lib/thumb\libg.a(lib_a-setvbuf.o)
                0x0000000002018000                setvbuf
 .text.siscanf  0x000000000201819c       0x4c c:/devkitpro/devkitarm/bin/../lib/gcc/arm-none-eabi/12.1.0/../../../../arm-none-eabi/lib/thumb\libg.a(lib_a-siscanf.o)
                0x000000000201819c                siscanf
 .text.sprintf  0x00000000020181e8       0x40 c:/devkitpro/devkitarm/bin/../lib/gcc/arm-none-eabi/12.1.0/../../../../arm-none-eabi/lib/thumb\libg.a(lib_a-sprintf.o)
                0x00000000020181e8                sprintf
 .text.__sread  0x0000000002018228       0x34 c:/devkitpro/devkitarm/bin/../lib/gcc/arm-none-eabi/12.1.0/../../../../arm-none-eabi/lib/thumb\libg.a(lib_a-stdio.o)
                0x0000000002018228                __sread
 .text.__seofread
                0x000000000201825c        0x4 c:/devkitpro/devkitarm/bin/../lib/gcc/arm-none-eabi/12.1.0/../../../../arm-none-eabi/lib/thumb\libg.a(lib_a-stdio.o)
                0x000000000201825c                __seofread
 .text.__swrite
                0x0000000002018260       0x4c c:/devkitpro/devkitarm/bin/../lib/gcc/arm-none-eabi/12.1.0/../../../../arm-none-eabi/lib/thumb\libg.a(lib_a-stdio.o)
                0x0000000002018260                __swrite
 .text.__sseek  0x00000000020182ac       0x44 c:/devkitpro/devkitarm/bin/../lib/gcc/arm-none-eabi/12.1.0/../../../../arm-none-eabi/lib/thumb\libg.a(lib_a-stdio.o)
                0x00000000020182ac                __sseek
 .text.__sclose
                0x00000000020182f0       0x10 c:/devkitpro/devkitarm/bin/../lib/gcc/arm-none-eabi/12.1.0/../../../../arm-none-eabi/lib/thumb\libg.a(lib_a-stdio.o)
                0x00000000020182f0                __sclose
 .text.stpcpy   0x0000000002018300       0x48 c:/devkitpro/devkitarm/bin/../lib/gcc/arm-none-eabi/12.1.0/../../../../arm-none-eabi/lib/thumb\libg.a(lib_a-stpcpy.o)
                0x0000000002018300                stpcpy
 .text.strcasecmp
                0x0000000002018348       0x48 c:/devkitpro/devkitarm/bin/../lib/gcc/arm-none-eabi/12.1.0/../../../../arm-none-eabi/lib/thumb\libg.a(lib_a-strcasecmp.o)
                0x0000000002018348                strcasecmp
 .text.strchr   0x0000000002018390       0xc8 c:/devkitpro/devkitarm/bin/../lib/gcc/arm-none-eabi/12.1.0/../../../../arm-none-eabi/lib/thumb\libg.a(lib_a-strchr.o)
                0x0000000002018390                strchr
 .text.strcpy   0x0000000002018458       0x10 c:/devkitpro/devkitarm/bin/../lib/gcc/arm-none-eabi/12.1.0/../../../../arm-none-eabi/lib/thumb\libg.a(lib_a-strcpy.o)
                0x0000000002018458                strcpy
 .text.strdup   0x0000000002018468       0x14 c:/devkitpro/devkitarm/bin/../lib/gcc/arm-none-eabi/12.1.0/../../../../arm-none-eabi/lib/thumb\libg.a(lib_a-strdup.o)
                0x0000000002018468                strdup
 .text._strdup_r
                0x000000000201847c       0x2c c:/devkitpro/devkitarm/bin/../lib/gcc/arm-none-eabi/12.1.0/../../../../arm-none-eabi/lib/thumb\libg.a(lib_a-strdup_r.o)
                0x000000000201847c                _strdup_r
 .text.strlen   0x00000000020184a8       0x60 c:/devkitpro/devkitarm/bin/../lib/gcc/arm-none-eabi/12.1.0/../../../../arm-none-eabi/lib/thumb\libg.a(lib_a-strlen-stub.o)
                0x00000000020184a8                strlen
 .text.strncasecmp
                0x0000000002018508       0x54 c:/devkitpro/devkitarm/bin/../lib/gcc/arm-none-eabi/12.1.0/../../../../arm-none-eabi/lib/thumb\libg.a(lib_a-strncasecmp.o)
                0x0000000002018508                strncasecmp
 .text.strncmp  0x000000000201855c       0x78 c:/devkitpro/devkitarm/bin/../lib/gcc/arm-none-eabi/12.1.0/../../../../arm-none-eabi/lib/thumb\libg.a(lib_a-strncmp.o)
                0x000000000201855c                strncmp
 .text.strncpy  0x00000000020185d4       0x68 c:/devkitpro/devkitarm/bin/../lib/gcc/arm-none-eabi/12.1.0/../../../../arm-none-eabi/lib/thumb\libg.a(lib_a-strncpy.o)
                0x00000000020185d4                strncpy
 .text.strnlen  0x000000000201863c       0x28 c:/devkitpro/devkitarm/bin/../lib/gcc/arm-none-eabi/12.1.0/../../../../arm-none-eabi/lib/thumb\libg.a(lib_a-strnlen.o)
                0x000000000201863c                strnlen
 .text.strpbrk  0x0000000002018664       0x4c c:/devkitpro/devkitarm/bin/../lib/gcc/arm-none-eabi/12.1.0/../../../../arm-none-eabi/lib/thumb\libg.a(lib_a-strpbrk.o)
                0x0000000002018664                strpbrk
 .text.strrchr  0x00000000020186b0       0x30 c:/devkitpro/devkitarm/bin/../lib/gcc/arm-none-eabi/12.1.0/../../../../arm-none-eabi/lib/thumb\libg.a(lib_a-strrchr.o)
                0x00000000020186b0                strrchr
 .text._strtol_l.part.0
                0x00000000020186e0      0x144 c:/devkitpro/devkitarm/bin/../lib/gcc/arm-none-eabi/12.1.0/../../../../arm-none-eabi/lib/thumb\libg.a(lib_a-strtol.o)
 .text._strtol_r
                0x0000000002018824       0x20 c:/devkitpro/devkitarm/bin/../lib/gcc/arm-none-eabi/12.1.0/../../../../arm-none-eabi/lib/thumb\libg.a(lib_a-strtol.o)
                0x0000000002018824                _strtol_r
 .text.get_arg  0x0000000002018844       0x32 c:/devkitpro/devkitarm/bin/../lib/gcc/arm-none-eabi/12.1.0/../../../../arm-none-eabi/lib/thumb\libg.a(lib_a-svfiscanf.o)
 .text._sungetc_r
                0x0000000002018876       0x7e c:/devkitpro/devkitarm/bin/../lib/gcc/arm-none-eabi/12.1.0/../../../../arm-none-eabi/lib/thumb\libg.a(lib_a-svfiscanf.o)
                0x0000000002018876                _sungetc_r
 .text.__ssrefill_r
                0x00000000020188f4       0x42 c:/devkitpro/devkitarm/bin/../lib/gcc/arm-none-eabi/12.1.0/../../../../arm-none-eabi/lib/thumb\libg.a(lib_a-svfiscanf.o)
                0x00000000020188f4                __ssrefill_r
 .text._sfread_r
                0x0000000002018936       0x88 c:/devkitpro/devkitarm/bin/../lib/gcc/arm-none-eabi/12.1.0/../../../../arm-none-eabi/lib/thumb\libg.a(lib_a-svfiscanf.o)
                0x0000000002018936                _sfread_r
 *fill*         0x00000000020189be        0x2 ff
 .text.__ssvfiscanf_r
                0x00000000020189c0     0x1ae0 c:/devkitpro/devkitarm/bin/../lib/gcc/arm-none-eabi/12.1.0/../../../../arm-none-eabi/lib/thumb\libg.a(lib_a-svfiscanf.o)
                0x00000000020189c0                __ssvfiscanf_r
 .text.get_arg  0x000000000201a4a0      0x42c c:/devkitpro/devkitarm/bin/../lib/gcc/arm-none-eabi/12.1.0/../../../../arm-none-eabi/lib/thumb\libg.a(lib_a-svfprintf.o)
 .text._svfprintf_r
                0x000000000201a8cc     0x22fc c:/devkitpro/devkitarm/bin/../lib/gcc/arm-none-eabi/12.1.0/../../../../arm-none-eabi/lib/thumb\libg.a(lib_a-svfprintf.o)
                0x000000000201a8cc                _svfprintf_r
 .text.lseek    0x000000000201cbc8       0x24 c:/devkitpro/devkitarm/bin/../lib/gcc/arm-none-eabi/12.1.0/../../../../arm-none-eabi/lib/thumb\libg.a(lib_a-syslseek.o)
                0x000000000201cbc8                lseek
 .text.open     0x000000000201cbec       0x28 c:/devkitpro/devkitarm/bin/../lib/gcc/arm-none-eabi/12.1.0/../../../../arm-none-eabi/lib/thumb\libg.a(lib_a-sysopen.o)
                0x000000000201cbec                open
 .text.read     0x000000000201cc14       0x1c c:/devkitpro/devkitarm/bin/../lib/gcc/arm-none-eabi/12.1.0/../../../../arm-none-eabi/lib/thumb\libg.a(lib_a-sysread.o)
                0x000000000201cc14                read
 .text.time     0x000000000201cc30       0x34 c:/devkitpro/devkitarm/bin/../lib/gcc/arm-none-eabi/12.1.0/../../../../arm-none-eabi/lib/thumb\libg.a(lib_a-time.o)
                0x000000000201cc30                time
 .text.towlower
                0x000000000201cc64       0x10 c:/devkitpro/devkitarm/bin/../lib/gcc/arm-none-eabi/12.1.0/../../../../arm-none-eabi/lib/thumb\libg.a(lib_a-towlower.o)
                0x000000000201cc64                towlower
 .text.towupper
                0x000000000201cc74       0x10 c:/devkitpro/devkitarm/bin/../lib/gcc/arm-none-eabi/12.1.0/../../../../arm-none-eabi/lib/thumb\libg.a(lib_a-towupper.o)
                0x000000000201cc74                towupper
 .text.__tzcalc_limits
                0x000000000201cc84      0x1b0 c:/devkitpro/devkitarm/bin/../lib/gcc/arm-none-eabi/12.1.0/../../../../arm-none-eabi/lib/thumb\libg.a(lib_a-tzcalc_limits.o)
                0x000000000201cc84                __tzcalc_limits
 .text.__tz_lock
                0x000000000201ce34       0x14 c:/devkitpro/devkitarm/bin/../lib/gcc/arm-none-eabi/12.1.0/../../../../arm-none-eabi/lib/thumb\libg.a(lib_a-tzlock.o)
                0x000000000201ce34                __tz_lock
 .text.__tz_unlock
                0x000000000201ce48       0x14 c:/devkitpro/devkitarm/bin/../lib/gcc/arm-none-eabi/12.1.0/../../../../arm-none-eabi/lib/thumb\libg.a(lib_a-tzlock.o)
                0x000000000201ce48                __tz_unlock
 .text._tzset_unlocked
                0x000000000201ce5c       0x10 c:/devkitpro/devkitarm/bin/../lib/gcc/arm-none-eabi/12.1.0/../../../../arm-none-eabi/lib/thumb\libg.a(lib_a-tzset.o)
                0x000000000201ce5c                _tzset_unlocked
 .text._tzset_unlocked_r
                0x000000000201ce6c      0x360 c:/devkitpro/devkitarm/bin/../lib/gcc/arm-none-eabi/12.1.0/../../../../arm-none-eabi/lib/thumb\libg.a(lib_a-tzset_r.o)
                0x000000000201ce6c                _tzset_unlocked_r
 .text.__submore
                0x000000000201d1cc       0x88 c:/devkitpro/devkitarm/bin/../lib/gcc/arm-none-eabi/12.1.0/../../../../arm-none-eabi/lib/thumb\libg.a(lib_a-ungetc.o)
                0x000000000201d1cc                __submore
 .text.get_arg  0x000000000201d254      0x42c c:/devkitpro/devkitarm/bin/../lib/gcc/arm-none-eabi/12.1.0/../../../../arm-none-eabi/lib/thumb\libg.a(lib_a-vfiprintf.o)
 .text.__sprint_r
                0x000000000201d680       0x24 c:/devkitpro/devkitarm/bin/../lib/gcc/arm-none-eabi/12.1.0/../../../../arm-none-eabi/lib/thumb\libg.a(lib_a-vfiprintf.o)
                0x000000000201d680                __sprint_r
 .text._vfiprintf_r
                0x000000000201d6a4     0x173c c:/devkitpro/devkitarm/bin/../lib/gcc/arm-none-eabi/12.1.0/../../../../arm-none-eabi/lib/thumb\libg.a(lib_a-vfiprintf.o)
                0x000000000201d6a4                _vfiprintf_r
 .text.__sbprintf
                0x000000000201ede0       0x8c c:/devkitpro/devkitarm/bin/../lib/gcc/arm-none-eabi/12.1.0/../../../../arm-none-eabi/lib/thumb\libg.a(lib_a-vfiprintf.o)
 .text._wcrtomb_r
                0x000000000201ee6c       0x5c c:/devkitpro/devkitarm/bin/../lib/gcc/arm-none-eabi/12.1.0/../../../../arm-none-eabi/lib/thumb\libg.a(lib_a-wcrtomb.o)
                0x000000000201ee6c                _wcrtomb_r
 .text.wcrtomb  0x000000000201eec8       0x74 c:/devkitpro/devkitarm/bin/../lib/gcc/arm-none-eabi/12.1.0/../../../../arm-none-eabi/lib/thumb\libg.a(lib_a-wcrtomb.o)
                0x000000000201eec8                wcrtomb
 .text._wcsrtombs_r
                0x000000000201ef3c       0x1c c:/devkitpro/devkitarm/bin/../lib/gcc/arm-none-eabi/12.1.0/../../../../arm-none-eabi/lib/thumb\libg.a(lib_a-wcsrtombs.o)
                0x000000000201ef3c                _wcsrtombs_r
 .text.wctob    0x000000000201ef58       0x48 c:/devkitpro/devkitarm/bin/../lib/gcc/arm-none-eabi/12.1.0/../../../../arm-none-eabi/lib/thumb\libg.a(lib_a-wctob.o)
                0x000000000201ef58                wctob
 .text.__utf8_wctomb
                0x000000000201efa0       0xb4 c:/devkitpro/devkitarm/bin/../lib/gcc/arm-none-eabi/12.1.0/../../../../arm-none-eabi/lib/thumb\libg.a(lib_a-wctomb_r.o)
                0x000000000201efa0                __utf8_wctomb
 .text.__swsetup_r
                0x000000000201f054       0xd0 c:/devkitpro/devkitarm/bin/../lib/gcc/arm-none-eabi/12.1.0/../../../../arm-none-eabi/lib/thumb\libg.a(lib_a-wsetup.o)
                0x000000000201f054                __swsetup_r
 .text.div      0x000000000201f124       0x18 c:/devkitpro/devkitarm/bin/../lib/gcc/arm-none-eabi/12.1.0/../../../../arm-none-eabi/lib/thumb\libg.a(lib_a-div.o)
                0x000000000201f124                div
 .text.quorem   0x000000000201f13c      0x158 c:/devkitpro/devkitarm/bin/../lib/gcc/arm-none-eabi/12.1.0/../../../../arm-none-eabi/lib/thumb\libg.a(lib_a-dtoa.o)
 .text._dtoa_r  0x000000000201f294      0xfcc c:/devkitpro/devkitarm/bin/../lib/gcc/arm-none-eabi/12.1.0/../../../../arm-none-eabi/lib/thumb\libg.a(lib_a-dtoa.o)
                0x000000000201f294                _dtoa_r
 .text.__sflags
                0x0000000002020260       0xa4 c:/devkitpro/devkitarm/bin/../lib/gcc/arm-none-eabi/12.1.0/../../../../arm-none-eabi/lib/thumb\libg.a(lib_a-flags.o)
                0x0000000002020260                __sflags
 .text.__sfvwrite_r
                0x0000000002020304      0x334 c:/devkitpro/devkitarm/bin/../lib/gcc/arm-none-eabi/12.1.0/../../../../arm-none-eabi/lib/thumb\libg.a(lib_a-fvwrite.o)
                0x0000000002020304                __sfvwrite_r
 .text._findenv_r
                0x0000000002020638       0x94 c:/devkitpro/devkitarm/bin/../lib/gcc/arm-none-eabi/12.1.0/../../../../arm-none-eabi/lib/thumb\libg.a(lib_a-getenv_r.o)
                0x0000000002020638                _findenv_r
 .text._getenv_r
                0x00000000020206cc       0x10 c:/devkitpro/devkitarm/bin/../lib/gcc/arm-none-eabi/12.1.0/../../../../arm-none-eabi/lib/thumb\libg.a(lib_a-getenv_r.o)
                0x00000000020206cc                _getenv_r
 .text.__gettzinfo
                0x00000000020206dc        0x8 c:/devkitpro/devkitarm/bin/../lib/gcc/arm-none-eabi/12.1.0/../../../../arm-none-eabi/lib/thumb\libg.a(lib_a-gettzinfo.o)
                0x00000000020206dc                __gettzinfo
 .text.gmtime_r
                0x00000000020206e4      0x1c0 c:/devkitpro/devkitarm/bin/../lib/gcc/arm-none-eabi/12.1.0/../../../../arm-none-eabi/lib/thumb\libg.a(lib_a-gmtime_r.o)
                0x00000000020206e4                gmtime_r
 .text.iswspace
                0x00000000020208a4       0x10 c:/devkitpro/devkitarm/bin/../lib/gcc/arm-none-eabi/12.1.0/../../../../arm-none-eabi/lib/thumb\libg.a(lib_a-iswspace.o)
                0x00000000020208a4                iswspace
 .text._localeconv_r
                0x00000000020208b4        0x8 c:/devkitpro/devkitarm/bin/../lib/gcc/arm-none-eabi/12.1.0/../../../../arm-none-eabi/lib/thumb\libg.a(lib_a-localeconv.o)
                0x00000000020208b4                _localeconv_r
 .text._mbsnrtowcs_r
                0x00000000020208bc       0xb8 c:/devkitpro/devkitarm/bin/../lib/gcc/arm-none-eabi/12.1.0/../../../../arm-none-eabi/lib/thumb\libg.a(lib_a-mbsnrtowcs.o)
                0x00000000020208bc                _mbsnrtowcs_r
 .text.memchr   0x0000000002020974       0x78 c:/devkitpro/devkitarm/bin/../lib/gcc/arm-none-eabi/12.1.0/../../../../arm-none-eabi/lib/thumb\libg.a(lib_a-memchr-stub.o)
                0x0000000002020974                memchr
 .text._Balloc  0x00000000020209ec       0x54 c:/devkitpro/devkitarm/bin/../lib/gcc/arm-none-eabi/12.1.0/../../../../arm-none-eabi/lib/thumb\libg.a(lib_a-mprec.o)
                0x00000000020209ec                _Balloc
 .text._Bfree   0x0000000002020a40       0x14 c:/devkitpro/devkitarm/bin/../lib/gcc/arm-none-eabi/12.1.0/../../../../arm-none-eabi/lib/thumb\libg.a(lib_a-mprec.o)
                0x0000000002020a40                _Bfree
 .text.__multadd
                0x0000000002020a54       0xac c:/devkitpro/devkitarm/bin/../lib/gcc/arm-none-eabi/12.1.0/../../../../arm-none-eabi/lib/thumb\libg.a(lib_a-mprec.o)
                0x0000000002020a54                __multadd
 .text.__hi0bits
                0x0000000002020b00       0x4c c:/devkitpro/devkitarm/bin/../lib/gcc/arm-none-eabi/12.1.0/../../../../arm-none-eabi/lib/thumb\libg.a(lib_a-mprec.o)
                0x0000000002020b00                __hi0bits
 .text.__lo0bits
                0x0000000002020b4c       0x5c c:/devkitpro/devkitarm/bin/../lib/gcc/arm-none-eabi/12.1.0/../../../../arm-none-eabi/lib/thumb\libg.a(lib_a-mprec.o)
                0x0000000002020b4c                __lo0bits
 .text.__i2b    0x0000000002020ba8       0x64 c:/devkitpro/devkitarm/bin/../lib/gcc/arm-none-eabi/12.1.0/../../../../arm-none-eabi/lib/thumb\libg.a(lib_a-mprec.o)
                0x0000000002020ba8                __i2b
 .text.__multiply
                0x0000000002020c0c      0x1b4 c:/devkitpro/devkitarm/bin/../lib/gcc/arm-none-eabi/12.1.0/../../../../arm-none-eabi/lib/thumb\libg.a(lib_a-mprec.o)
                0x0000000002020c0c                __multiply
 .text.__pow5mult
                0x0000000002020dc0       0xd4 c:/devkitpro/devkitarm/bin/../lib/gcc/arm-none-eabi/12.1.0/../../../../arm-none-eabi/lib/thumb\libg.a(lib_a-mprec.o)
                0x0000000002020dc0                __pow5mult
 .text.__lshift
                0x0000000002020e94      0x100 c:/devkitpro/devkitarm/bin/../lib/gcc/arm-none-eabi/12.1.0/../../../../arm-none-eabi/lib/thumb\libg.a(lib_a-mprec.o)
                0x0000000002020e94                __lshift
 .text.__mcmp   0x0000000002020f94       0x40 c:/devkitpro/devkitarm/bin/../lib/gcc/arm-none-eabi/12.1.0/../../../../arm-none-eabi/lib/thumb\libg.a(lib_a-mprec.o)
                0x0000000002020f94                __mcmp
 .text.__mdiff  0x0000000002020fd4      0x1a8 c:/devkitpro/devkitarm/bin/../lib/gcc/arm-none-eabi/12.1.0/../../../../arm-none-eabi/lib/thumb\libg.a(lib_a-mprec.o)
                0x0000000002020fd4                __mdiff
 .text.__d2b    0x000000000202117c       0xd0 c:/devkitpro/devkitarm/bin/../lib/gcc/arm-none-eabi/12.1.0/../../../../arm-none-eabi/lib/thumb\libg.a(lib_a-mprec.o)
                0x000000000202117c                __d2b
 .text.__sccl   0x000000000202124c       0x90 c:/devkitpro/devkitarm/bin/../lib/gcc/arm-none-eabi/12.1.0/../../../../arm-none-eabi/lib/thumb\libg.a(lib_a-sccl.o)
                0x000000000202124c                __sccl
 .text.frexp    0x00000000020212dc       0x6c c:/devkitpro/devkitarm/bin/../lib/gcc/arm-none-eabi/12.1.0/../../../../arm-none-eabi/lib/thumb\libg.a(lib_a-s_frexp.o)
                0x00000000020212dc                frexp
 .text._strtoll_l.constprop.0
                0x0000000002021348      0x1a0 c:/devkitpro/devkitarm/bin/../lib/gcc/arm-none-eabi/12.1.0/../../../../arm-none-eabi/lib/thumb\libg.a(lib_a-strtoll.o)
 .text._strtoll_r
                0x00000000020214e8        0xc c:/devkitpro/devkitarm/bin/../lib/gcc/arm-none-eabi/12.1.0/../../../../arm-none-eabi/lib/thumb\libg.a(lib_a-strtoll.o)
                0x00000000020214e8                _strtoll_r
 .text._strtoull_l.constprop.0
                0x00000000020214f4      0x1bc c:/devkitpro/devkitarm/bin/../lib/gcc/arm-none-eabi/12.1.0/../../../../arm-none-eabi/lib/thumb\libg.a(lib_a-strtoull.o)
 .text._strtoull_r
                0x00000000020216b0        0xc c:/devkitpro/devkitarm/bin/../lib/gcc/arm-none-eabi/12.1.0/../../../../arm-none-eabi/lib/thumb\libg.a(lib_a-strtoull.o)
                0x00000000020216b0                _strtoull_r
 .text._strtoul_l.constprop.0
                0x00000000020216bc      0x144 c:/devkitpro/devkitarm/bin/../lib/gcc/arm-none-eabi/12.1.0/../../../../arm-none-eabi/lib/thumb\libg.a(lib_a-strtoul.o)
 .text._strtoul_r
                0x0000000002021800        0xc c:/devkitpro/devkitarm/bin/../lib/gcc/arm-none-eabi/12.1.0/../../../../arm-none-eabi/lib/thumb\libg.a(lib_a-strtoul.o)
                0x0000000002021800                _strtoul_r
 .text.strtoul  0x000000000202180c       0x1c c:/devkitpro/devkitarm/bin/../lib/gcc/arm-none-eabi/12.1.0/../../../../arm-none-eabi/lib/thumb\libg.a(lib_a-strtoul.o)
                0x000000000202180c                strtoul
 .text.__ssprint_r
                0x0000000002021828      0x120 c:/devkitpro/devkitarm/bin/../lib/gcc/arm-none-eabi/12.1.0/../../../../arm-none-eabi/lib/thumb\libg.a(lib_a-svfiprintf.o)
                0x0000000002021828                __ssprint_r
 .text.towctrans
                0x0000000002021948       0x28 c:/devkitpro/devkitarm/bin/../lib/gcc/arm-none-eabi/12.1.0/../../../../arm-none-eabi/lib/thumb\libg.a(lib_a-towctrans.o)
                0x0000000002021948                towctrans
 .text._wcsnrtombs_l
                0x0000000002021970      0x11c c:/devkitpro/devkitarm/bin/../lib/gcc/arm-none-eabi/12.1.0/../../../../arm-none-eabi/lib/thumb\libg.a(lib_a-wcsnrtombs.o)
                0x0000000002021970                _wcsnrtombs_l
 .text._wcsnrtombs_r
                0x0000000002021a8c       0x30 c:/devkitpro/devkitarm/bin/../lib/gcc/arm-none-eabi/12.1.0/../../../../arm-none-eabi/lib/thumb\libg.a(lib_a-wcsnrtombs.o)
                0x0000000002021a8c                _wcsnrtombs_r
 .text.__assert_func
                0x0000000002021abc       0x40 c:/devkitpro/devkitarm/bin/../lib/gcc/arm-none-eabi/12.1.0/../../../../arm-none-eabi/lib/thumb\libg.a(lib_a-assert.o)
                0x0000000002021abc                __assert_func
 .text.__env_lock
                0x0000000002021afc       0x14 c:/devkitpro/devkitarm/bin/../lib/gcc/arm-none-eabi/12.1.0/../../../../arm-none-eabi/lib/thumb\libg.a(lib_a-envlock.o)
                0x0000000002021afc                __env_lock
 .text.__env_unlock
                0x0000000002021b10       0x14 c:/devkitpro/devkitarm/bin/../lib/gcc/arm-none-eabi/12.1.0/../../../../arm-none-eabi/lib/thumb\libg.a(lib_a-envlock.o)
                0x0000000002021b10                __env_unlock
 .text.fiprintf
                0x0000000002021b24       0x28 c:/devkitpro/devkitarm/bin/../lib/gcc/arm-none-eabi/12.1.0/../../../../arm-none-eabi/lib/thumb\libg.a(lib_a-fiprintf.o)
                0x0000000002021b24                fiprintf
 .text.iswspace_l
                0x0000000002021b4c       0x2c c:/devkitpro/devkitarm/bin/../lib/gcc/arm-none-eabi/12.1.0/../../../../arm-none-eabi/lib/thumb\libg.a(lib_a-iswspace_l.o)
                0x0000000002021b4c                iswspace_l
 .text.__jp2uc  0x0000000002021b78      0x14c c:/devkitpro/devkitarm/bin/../lib/gcc/arm-none-eabi/12.1.0/../../../../arm-none-eabi/lib/thumb\libg.a(lib_a-jp2uc.o)
 .text._jp2uc_l
                0x0000000002021cc4       0x6c c:/devkitpro/devkitarm/bin/../lib/gcc/arm-none-eabi/12.1.0/../../../../arm-none-eabi/lib/thumb\libg.a(lib_a-jp2uc.o)
                0x0000000002021cc4                _jp2uc_l
 .text._uc2jp_l
                0x0000000002021d30       0x4c c:/devkitpro/devkitarm/bin/../lib/gcc/arm-none-eabi/12.1.0/../../../../arm-none-eabi/lib/thumb\libg.a(lib_a-jp2uc.o)
                0x0000000002021d30                _uc2jp_l
 .text.towctrans_l
                0x0000000002021d7c      0x1b4 c:/devkitpro/devkitarm/bin/../lib/gcc/arm-none-eabi/12.1.0/../../../../arm-none-eabi/lib/thumb\libg.a(lib_a-towctrans_l.o)
                0x0000000002021d7c                towctrans_l
 .text.abort    0x0000000002021f30       0x10 c:/devkitpro/devkitarm/bin/../lib/gcc/arm-none-eabi/12.1.0/../../../../arm-none-eabi/lib/thumb\libg.a(lib_a-abort.o)
                0x0000000002021f30                abort
 .text.category
                0x0000000002021f40       0x54 c:/devkitpro/devkitarm/bin/../lib/gcc/arm-none-eabi/12.1.0/../../../../arm-none-eabi/lib/thumb\libg.a(lib_a-categories.o)
                0x0000000002021f40                category
 .text._raise_r
                0x0000000002021f94       0x60 c:/devkitpro/devkitarm/bin/../lib/gcc/arm-none-eabi/12.1.0/../../../../arm-none-eabi/lib/thumb\libg.a(lib_a-signal.o)
                0x0000000002021f94                _raise_r
 .text.raise    0x0000000002021ff4       0x14 c:/devkitpro/devkitarm/bin/../lib/gcc/arm-none-eabi/12.1.0/../../../../arm-none-eabi/lib/thumb\libg.a(lib_a-signal.o)
                0x0000000002021ff4                raise
 .text.null_write
                0x0000000002022008        0x4 c:/devkitpro/devkitarm/bin/../lib/gcc/arm-none-eabi/12.1.0/../../../../arm-none-eabi/lib/thumb\libsysbase.a(iosupport.o)
 .text.setDefaultDevice
                0x000000000202200c       0x10 c:/devkitpro/devkitarm/bin/../lib/gcc/arm-none-eabi/12.1.0/../../../../arm-none-eabi/lib/thumb\libsysbase.a(iosupport.o)
                0x000000000202200c                setDefaultDevice
 .text.FindDevice
                0x000000000202201c       0x98 c:/devkitpro/devkitarm/bin/../lib/gcc/arm-none-eabi/12.1.0/../../../../arm-none-eabi/lib/thumb\libsysbase.a(iosupport.o)
                0x000000000202201c                FindDevice
 .text.AddDevice
                0x00000000020220b4       0x78 c:/devkitpro/devkitarm/bin/../lib/gcc/arm-none-eabi/12.1.0/../../../../arm-none-eabi/lib/thumb\libsysbase.a(iosupport.o)
                0x00000000020220b4                AddDevice
 .text.GetDeviceOpTab
                0x000000000202212c       0x20 c:/devkitpro/devkitarm/bin/../lib/gcc/arm-none-eabi/12.1.0/../../../../arm-none-eabi/lib/thumb\libsysbase.a(iosupport.o)
                0x000000000202212c                GetDeviceOpTab
 .text._fstat_r
                0x000000000202214c       0x4c c:/devkitpro/devkitarm/bin/../lib/gcc/arm-none-eabi/12.1.0/../../../../arm-none-eabi/lib/thumb\libsysbase.a(fstat.o)
                0x000000000202214c                _fstat_r
 .text._getpid_r
                0x0000000002022198        0xc c:/devkitpro/devkitarm/bin/../lib/gcc/arm-none-eabi/12.1.0/../../../../arm-none-eabi/lib/thumb\libsysbase.a(getpid.o)
                0x0000000002022198                _getpid_r
 .text._gettimeofday_r
                0x00000000020221a4       0x20 c:/devkitpro/devkitarm/bin/../lib/gcc/arm-none-eabi/12.1.0/../../../../arm-none-eabi/lib/thumb\libsysbase.a(gettod.o)
                0x00000000020221a4                _gettimeofday_r
 .text._isatty_r
                0x00000000020221c4        0x4 c:/devkitpro/devkitarm/bin/../lib/gcc/arm-none-eabi/12.1.0/../../../../arm-none-eabi/lib/thumb\libsysbase.a(isatty.o)
                0x00000000020221c4                _isatty_r
 .text._kill_r  0x00000000020221c8        0xc c:/devkitpro/devkitarm/bin/../lib/gcc/arm-none-eabi/12.1.0/../../../../arm-none-eabi/lib/thumb\libsysbase.a(kill.o)
                0x00000000020221c8                _kill_r
 .text._lseek_r
                0x00000000020221d4       0x5c c:/devkitpro/devkitarm/bin/../lib/gcc/arm-none-eabi/12.1.0/../../../../arm-none-eabi/lib/thumb\libsysbase.a(lseek.o)
                0x00000000020221d4                _lseek_r
 .text._open_r  0x0000000002022230       0x98 c:/devkitpro/devkitarm/bin/../lib/gcc/arm-none-eabi/12.1.0/../../../../arm-none-eabi/lib/thumb\libsysbase.a(open.o)
                0x0000000002022230                _open_r
 .text._read_r  0x00000000020222c8       0x50 c:/devkitpro/devkitarm/bin/../lib/gcc/arm-none-eabi/12.1.0/../../../../arm-none-eabi/lib/thumb\libsysbase.a(read.o)
                0x00000000020222c8                _read_r
 .text._sbrk_r  0x0000000002022318       0x54 c:/devkitpro/devkitarm/bin/../lib/gcc/arm-none-eabi/12.1.0/../../../../arm-none-eabi/lib/thumb\libsysbase.a(sbrk.o)
                0x0000000002022318                _sbrk_r
 .text._write_r
                0x000000000202236c       0x50 c:/devkitpro/devkitarm/bin/../lib/gcc/arm-none-eabi/12.1.0/../../../../arm-none-eabi/lib/thumb\libsysbase.a(write.o)
                0x000000000202236c                _write_r
 .text._exit    0x00000000020223bc       0x14 c:/devkitpro/devkitarm/bin/../lib/gcc/arm-none-eabi/12.1.0/../../../../arm-none-eabi/lib/thumb\libsysbase.a(_exit.o)
                0x00000000020223bc                _exit
 .text._concatenate_path
                0x00000000020223d0      0x120 c:/devkitpro/devkitarm/bin/../lib/gcc/arm-none-eabi/12.1.0/../../../../arm-none-eabi/lib/thumb\libsysbase.a(chdir.o)
                0x00000000020223d0                _concatenate_path
 .text.chdir    0x00000000020224f0       0xe4 c:/devkitpro/devkitarm/bin/../lib/gcc/arm-none-eabi/12.1.0/../../../../arm-none-eabi/lib/thumb\libsysbase.a(chdir.o)
                0x00000000020224f0                chdir
 .text.getcwd   0x00000000020225d4       0x5c c:/devkitpro/devkitarm/bin/../lib/gcc/arm-none-eabi/12.1.0/../../../../arm-none-eabi/lib/thumb\libsysbase.a(chdir.o)
                0x00000000020225d4                getcwd
 .text.build_argv
                0x0000000002022630       0x4c c:/devkitpro/devkitarm/bin/../lib/gcc/arm-none-eabi/12.1.0/../../../../arm-none-eabi/lib/thumb\libsysbase.a(build_argv.o)
                0x0000000002022630                build_argv
 .text.__flockfile
                0x000000000202267c       0x10 c:/devkitpro/devkitarm/bin/../lib/gcc/arm-none-eabi/12.1.0/../../../../arm-none-eabi/lib/thumb\libsysbase.a(flock.o)
                0x000000000202267c                __flockfile
 .text.__funlockfile
                0x000000000202268c       0x10 c:/devkitpro/devkitarm/bin/../lib/gcc/arm-none-eabi/12.1.0/../../../../arm-none-eabi/lib/thumb\libsysbase.a(flock.o)
                0x000000000202268c                __funlockfile
 .text.__release_handle
                0x000000000202269c       0x68 c:/devkitpro/devkitarm/bin/../lib/gcc/arm-none-eabi/12.1.0/../../../../arm-none-eabi/lib/thumb\libsysbase.a(handle_manager.o)
                0x000000000202269c                __release_handle
 .text.__alloc_handle
                0x0000000002022704       0x7c c:/devkitpro/devkitarm/bin/../lib/gcc/arm-none-eabi/12.1.0/../../../../arm-none-eabi/lib/thumb\libsysbase.a(handle_manager.o)
                0x0000000002022704                __alloc_handle
 .text.__get_handle
                0x0000000002022780       0x34 c:/devkitpro/devkitarm/bin/../lib/gcc/arm-none-eabi/12.1.0/../../../../arm-none-eabi/lib/thumb\libsysbase.a(handle_manager.o)
                0x0000000002022780                __get_handle
 .text._close_r
                0x00000000020227b4       0xb8 c:/devkitpro/devkitarm/bin/../lib/gcc/arm-none-eabi/12.1.0/../../../../arm-none-eabi/lib/thumb\libsysbase.a(handle_manager.o)
                0x00000000020227b4                _close_r
 .text.__getreent
                0x000000000202286c       0x20 c:/devkitpro/devkitarm/bin/../lib/gcc/arm-none-eabi/12.1.0/../../../../arm-none-eabi/lib/thumb\libsysbase.a(getreent.o)
                0x000000000202286c                __getreent
 .text.__libc_lock_acquire
                0x000000000202288c       0x18 c:/devkitpro/devkitarm/bin/../lib/gcc/arm-none-eabi/12.1.0/../../../../arm-none-eabi/lib/thumb\libsysbase.a(syscall_support.o)
                0x000000000202288c                __libc_lock_acquire
 .text.__libc_lock_release
                0x00000000020228a4       0x18 c:/devkitpro/devkitarm/bin/../lib/gcc/arm-none-eabi/12.1.0/../../../../arm-none-eabi/lib/thumb\libsysbase.a(syscall_support.o)
                0x00000000020228a4                __libc_lock_release
 .text.__libc_lock_init_recursive
                0x00000000020228bc       0x18 c:/devkitpro/devkitarm/bin/../lib/gcc/arm-none-eabi/12.1.0/../../../../arm-none-eabi/lib/thumb\libsysbase.a(syscall_support.o)
                0x00000000020228bc                __libc_lock_init_recursive
 .text.__libc_lock_acquire_recursive
                0x00000000020228d4       0x18 c:/devkitpro/devkitarm/bin/../lib/gcc/arm-none-eabi/12.1.0/../../../../arm-none-eabi/lib/thumb\libsysbase.a(syscall_support.o)
                0x00000000020228d4                __libc_lock_acquire_recursive
 .text.__libc_lock_release_recursive
                0x00000000020228ec       0x18 c:/devkitpro/devkitarm/bin/../lib/gcc/arm-none-eabi/12.1.0/../../../../arm-none-eabi/lib/thumb\libsysbase.a(syscall_support.o)
                0x00000000020228ec                __libc_lock_release_recursive
 .text.__libc_lock_close_recursive
                0x0000000002022904       0x18 c:/devkitpro/devkitarm/bin/../lib/gcc/arm-none-eabi/12.1.0/../../../../arm-none-eabi/lib/thumb\libsysbase.a(syscall_support.o)
                0x0000000002022904                __libc_lock_close_recursive
 *fill*         0x000000000202291c        0x4 ff
 .text.__libc_lock_close_recursive.__stub
                0x0000000002022920      0x150 linker stubs
 *(EXCLUDE_FILE(*.twl*) .gnu.warning)
 *(EXCLUDE_FILE(*.twl*) .gnu.linkonce.t*)
 *(.glue_7)
 .glue_7        0x0000000002022a80        0x0 linker stubs
 *(.glue_7t)
 .glue_7t       0x0000000002022a80        0x0 linker stubs
                0x0000000002022a80                . = ALIGN (0x4)

.vfp11_veneer   0x0000000002022a80        0x0
 .vfp11_veneer  0x0000000002022a80        0x0 linker stubs

.v4_bx          0x0000000002022a80        0x0
 .v4_bx         0x0000000002022a80        0x0 linker stubs

.iplt           0x0000000002022a80        0x0
 .iplt          0x0000000002022a80        0x0 c:/devkitpro/devkitarm/bin/../lib/gcc/arm-none-eabi/12.1.0/../../../../arm-none-eabi/lib/thumb/ds_arm9_crt0.o

.fini           0x0000000002022a80        0xc
 *(.fini)
 .fini          0x0000000002022a80        0x4 c:/devkitpro/devkitarm/bin/../lib/gcc/arm-none-eabi/12.1.0/thumb/crti.o
                0x0000000002022a80                _fini
 .fini          0x0000000002022a84        0x8 c:/devkitpro/devkitarm/bin/../lib/gcc/arm-none-eabi/12.1.0/thumb/crtn.o
                0x0000000002022a8c                __text_end = .

.rodata         0x0000000002022a90    0x887ac
 *(EXCLUDE_FILE(*.twl*) .rodata)
 .rodata        0x0000000002022a90       0x70 angelCore.o
 .rodata        0x0000000002022b00       0x50 C:/Users/alex2/OneDrive/Documentos/Universidad2ºSemestre/Consolas/MisEjemplos/ProyectoFinalNDS/angelCore/nflib/lib\libnflib.a(nf_basic.o)
 .rodata        0x0000000002022b50      0x170 C:/Users/alex2/OneDrive/Documentos/Universidad2ºSemestre/Consolas/MisEjemplos/ProyectoFinalNDS/angelCore/nflib/lib\libnflib.a(nf_text.o)